Sep 10, 2026 10:30:36 PM org.junit.platform.launcher.core.DiscoveryIssueNotifier logIssues
INFO: TestEngine with ID 'junit-vintage' encountered a non-critical issue during test discovery:

(1) [INFO] The JUnit Vintage engine is deprecated and should only be used temporarily while migrating tests to JUnit Jupiter or another testing framework with native JUnit Platform support.
Sep 10, 2026 10:30:36 PM org.junit.platform.launcher.core.DiscoveryIssueNotifier logIssues
INFO: TestEngine with ID 'junit-vintage' encountered a non-critical issue during test discovery:

(1) [INFO] The JUnit Vintage engine is deprecated and should only be used temporarily while migrating tests to JUnit Jupiter or another testing framework with native JUnit Platform support.
Sep 10, 2026 10:30:36 PM org.junit.platform.launcher.core.DiscoveryIssueNotifier logIssues
INFO: TestEngine with ID 'junit-vintage' encountered a non-critical issue during test discovery:

(1) [INFO] The JUnit Vintage engine is deprecated and should only be used temporarily while migrating tests to JUnit Jupiter or another testing framework with native JUnit Platform support.
Sep 10, 2026 10:30:36 PM org.junit.platform.launcher.core.DiscoveryIssueNotifier logIssues
INFO: TestEngine with ID 'junit-vintage' encountered a non-critical issue during test discovery:

(1) [INFO] The JUnit Vintage engine is deprecated and should only be used temporarily while migrating tests to JUnit Jupiter or another testing framework with native JUnit Platform support.
Sep 10, 2026 10:30:36 PM org.junit.platform.launcher.core.DiscoveryIssueNotifier logIssues
INFO: TestEngine with ID 'junit-vintage' encountered a non-critical issue during test discovery:

(1) [INFO] The JUnit Vintage engine is deprecated and should only be used temporarily while migrating tests to JUnit Jupiter or another testing framework with native JUnit Platform support.
Sep 10, 2026 10:30:36 PM org.junit.platform.launcher.core.DiscoveryIssueNotifier logIssues
INFO: TestEngine with ID 'junit-vintage' encountered a non-critical issue during test discovery:

(1) [INFO] The JUnit Vintage engine is deprecated and should only be used temporarily while migrating tests to JUnit Jupiter or another testing framework with native JUnit Platform support.
Sep 10, 2026 10:30:36 PM org.junit.platform.launcher.core.DiscoveryIssueNotifier logIssues
INFO: TestEngine with ID 'junit-vintage' encountered a non-critical issue during test discovery:

(1) [INFO] The JUnit Vintage engine is deprecated and should only be used temporarily while migrating tests to JUnit Jupiter or another testing framework with native JUnit Platform support.
OpenJDK 64-Bit Server VM warning: Sharing is only supported for boot loader classes because bootstrap classpath has been appended
OpenJDK 64-Bit Server VM warning: Sharing is only supported for boot loader classes because bootstrap classpath has been appended
OpenJDK 64-Bit Server VM warning: Sharing is only supported for boot loader classes because bootstrap classpath has been appended
OpenJDK 64-Bit Server VM warning: Sharing is only supported for boot loader classes because bootstrap classpath has been appended
OpenJDK 64-Bit Server VM warning: Sharing is only supported for boot loader classes because bootstrap classpath has been appended
OpenJDK 64-Bit Server VM warning: Sharing is only supported for boot loader classes because bootstrap classpath has been appended
OpenJDK 64-Bit Server VM warning: Sharing is only supported for boot loader classes because bootstrap classpath has been appended
OpenJDK 64-Bit Server VM warning: Sharing is only supported for boot loader classes because bootstrap classpath has been appended
OpenJDK 64-Bit Server VM warning: Sharing is only supported for boot loader classes because bootstrap classpath has been appended
OpenJDK 64-Bit Server VM warning: Sharing is only supported for boot loader classes because bootstrap classpath has been appended
OpenJDK 64-Bit Server VM warning: Sharing is only supported for boot loader classes because bootstrap classpath has been appended
OpenJDK 64-Bit Server VM warning: Sharing is only supported for boot loader classes because bootstrap classpath has been appended
Sep 10, 2026 10:30:56 PM org.junit.platform.launcher.core.DiscoveryIssueNotifier logIssues
INFO: TestEngine with ID 'junit-vintage' encountered a non-critical issue during test discovery:

(1) [INFO] The JUnit Vintage engine is deprecated and should only be used temporarily while migrating tests to JUnit Jupiter or another testing framework with native JUnit Platform support.
Sep 10, 2026 10:30:56 PM org.junit.platform.launcher.core.DiscoveryIssueNotifier logIssues
INFO: TestEngine with ID 'junit-vintage' encountered a non-critical issue during test discovery:

(1) [INFO] The JUnit Vintage engine is deprecated and should only be used temporarily while migrating tests to JUnit Jupiter or another testing framework with native JUnit Platform support.
Sep 10, 2026 10:30:56 PM org.junit.platform.launcher.core.DiscoveryIssueNotifier logIssues
INFO: TestEngine with ID 'junit-vintage' encountered a non-critical issue during test discovery:

(1) [INFO] The JUnit Vintage engine is deprecated and should only be used temporarily while migrating tests to JUnit Jupiter or another testing framework with native JUnit Platform support.
Sep 10, 2026 10:30:56 PM org.junit.platform.launcher.core.DiscoveryIssueNotifier logIssues
INFO: TestEngine with ID 'junit-vintage' encountered a non-critical issue during test discovery:

(1) [INFO] The JUnit Vintage engine is deprecated and should only be used temporarily while migrating tests to JUnit Jupiter or another testing framework with native JUnit Platform support.
Sep 10, 2026 10:30:56 PM org.junit.platform.launcher.core.DiscoveryIssueNotifier logIssues
INFO: TestEngine with ID 'junit-vintage' encountered a non-critical issue during test discovery:

(1) [INFO] The JUnit Vintage engine is deprecated and should only be used temporarily while migrating tests to JUnit Jupiter or another testing framework with native JUnit Platform support.
Sep 10, 2026 10:30:56 PM org.junit.platform.launcher.core.DiscoveryIssueNotifier logIssues
INFO: TestEngine with ID 'junit-vintage' encountered a non-critical issue during test discovery:

(1) [INFO] The JUnit Vintage engine is deprecated and should only be used temporarily while migrating tests to JUnit Jupiter or another testing framework with native JUnit Platform support.
Sep 10, 2026 10:30:56 PM org.junit.platform.launcher.core.DiscoveryIssueNotifier logIssues
INFO: TestEngine with ID 'junit-vintage' encountered a non-critical issue during test discovery:

(1) [INFO] The JUnit Vintage engine is deprecated and should only be used temporarily while migrating tests to JUnit Jupiter or another testing framework with native JUnit Platform support.
Sep 10, 2026 10:30:56 PM org.junit.platform.launcher.core.DiscoveryIssueNotifier logIssues
INFO: TestEngine with ID 'junit-vintage' encountered a non-critical issue during test discovery:

(1) [INFO] The JUnit Vintage engine is deprecated and should only be used temporarily while migrating tests to JUnit Jupiter or another testing framework with native JUnit Platform support.
Sep 10, 2026 10:30:56 PM org.junit.platform.launcher.core.DiscoveryIssueNotifier logIssues
INFO: TestEngine with ID 'junit-vintage' encountered a non-critical issue during test discovery:

(1) [INFO] The JUnit Vintage engine is deprecated and should only be used temporarily while migrating tests to JUnit Jupiter or another testing framework with native JUnit Platform support.
Sep 10, 2026 10:30:56 PM org.junit.platform.launcher.core.DiscoveryIssueNotifier logIssues
INFO: TestEngine with ID 'junit-vintage' encountered a non-critical issue during test discovery:

(1) [INFO] The JUnit Vintage engine is deprecated and should only be used temporarily while migrating tests to JUnit Jupiter or another testing framework with native JUnit Platform support.
Sep 10, 2026 10:30:56 PM org.junit.platform.launcher.core.DiscoveryIssueNotifier logIssues
INFO: TestEngine with ID 'junit-vintage' encountered a non-critical issue during test discovery:

(1) [INFO] The JUnit Vintage engine is deprecated and should only be used temporarily while migrating tests to JUnit Jupiter or another testing framework with native JUnit Platform support.
Sep 10, 2026 10:30:56 PM org.junit.platform.launcher.core.DiscoveryIssueNotifier logIssues
INFO: TestEngine with ID 'junit-vintage' encountered a non-critical issue during test discovery:

(1) [INFO] The JUnit Vintage engine is deprecated and should only be used temporarily while migrating tests to JUnit Jupiter or another testing framework with native JUnit Platform support.
Sep 10, 2026 10:30:56 PM org.junit.platform.launcher.core.DiscoveryIssueNotifier logIssues
INFO: TestEngine with ID 'junit-vintage' encountered a non-critical issue during test discovery:

(1) [INFO] The JUnit Vintage engine is deprecated and should only be used temporarily while migrating tests to JUnit Jupiter or another testing framework with native JUnit Platform support.
Sep 10, 2026 10:30:56 PM org.junit.platform.launcher.core.DiscoveryIssueNotifier logIssues
INFO: TestEngine with ID 'junit-vintage' encountered a non-critical issue during test discovery:

(1) [INFO] The JUnit Vintage engine is deprecated and should only be used temporarily while migrating tests to JUnit Jupiter or another testing framework with native JUnit Platform support.
Sep 10, 2026 10:30:56 PM org.junit.platform.launcher.core.DiscoveryIssueNotifier logIssues
INFO: TestEngine with ID 'junit-vintage' encountered a non-critical issue during test discovery:

(1) [INFO] The JUnit Vintage engine is deprecated and should only be used temporarily while migrating tests to JUnit Jupiter or another testing framework with native JUnit Platform support.
Sep 10, 2026 10:30:56 PM org.junit.platform.launcher.core.DiscoveryIssueNotifier logIssues
INFO: TestEngine with ID 'junit-vintage' encountered a non-critical issue during test discovery:

(1) [INFO] The JUnit Vintage engine is deprecated and should only be used temporarily while migrating tests to JUnit Jupiter or another testing framework with native JUnit Platform support.
Sep 10, 2026 10:30:56 PM org.junit.platform.launcher.core.DiscoveryIssueNotifier logIssues
INFO: TestEngine with ID 'junit-vintage' encountered a non-critical issue during test discovery:

(1) [INFO] The JUnit Vintage engine is deprecated and should only be used temporarily while migrating tests to JUnit Jupiter or another testing framework with native JUnit Platform support.
Sep 10, 2026 10:30:56 PM org.junit.platform.launcher.core.DiscoveryIssueNotifier logIssues
INFO: TestEngine with ID 'junit-vintage' encountered a non-critical issue during test discovery:

(1) [INFO] The JUnit Vintage engine is deprecated and should only be used temporarily while migrating tests to JUnit Jupiter or another testing framework with native JUnit Platform support.
Sep 10, 2026 10:30:56 PM org.junit.platform.launcher.core.DiscoveryIssueNotifier logIssues
INFO: TestEngine with ID 'junit-vintage' encountered a non-critical issue during test discovery:

(1) [INFO] The JUnit Vintage engine is deprecated and should only be used temporarily while migrating tests to JUnit Jupiter or another testing framework with native JUnit Platform support.
Sep 10, 2026 10:30:56 PM org.junit.platform.launcher.core.DiscoveryIssueNotifier logIssues
INFO: TestEngine with ID 'junit-vintage' encountered a non-critical issue during test discovery:

(1) [INFO] The JUnit Vintage engine is deprecated and should only be used temporarily while migrating tests to JUnit Jupiter or another testing framework with native JUnit Platform support.
Sep 10, 2026 10:30:56 PM org.junit.platform.launcher.core.DiscoveryIssueNotifier logIssues
INFO: TestEngine with ID 'junit-vintage' encountered a non-critical issue during test discovery:

(1) [INFO] The JUnit Vintage engine is deprecated and should only be used temporarily while migrating tests to JUnit Jupiter or another testing framework with native JUnit Platform support.
Sep 10, 2026 10:30:56 PM org.junit.platform.launcher.core.DiscoveryIssueNotifier logIssues
INFO: TestEngine with ID 'junit-vintage' encountered a non-critical issue during test discovery:

(1) [INFO] The JUnit Vintage engine is deprecated and should only be used temporarily while migrating tests to JUnit Jupiter or another testing framework with native JUnit Platform support.
Sep 10, 2026 10:30:56 PM org.junit.platform.launcher.core.DiscoveryIssueNotifier logIssues
INFO: TestEngine with ID 'junit-vintage' encountered a non-critical issue during test discovery:

(1) [INFO] The JUnit Vintage engine is deprecated and should only be used temporarily while migrating tests to JUnit Jupiter or another testing framework with native JUnit Platform support.
Sep 10, 2026 10:30:56 PM org.junit.platform.launcher.core.DiscoveryIssueNotifier logIssues
INFO: TestEngine with ID 'junit-vintage' encountered a non-critical issue during test discovery:

(1) [INFO] The JUnit Vintage engine is deprecated and should only be used temporarily while migrating tests to JUnit Jupiter or another testing framework with native JUnit Platform support.
Sep 10, 2026 10:30:56 PM org.junit.platform.launcher.core.DiscoveryIssueNotifier logIssues
INFO: TestEngine with ID 'junit-vintage' encountered a non-critical issue during test discovery:

(1) [INFO] The JUnit Vintage engine is deprecated and should only be used temporarily while migrating tests to JUnit Jupiter or another testing framework with native JUnit Platform support.
Sep 10, 2026 10:30:56 PM org.junit.platform.launcher.core.DiscoveryIssueNotifier logIssues
INFO: TestEngine with ID 'junit-vintage' encountered a non-critical issue during test discovery:

(1) [INFO] The JUnit Vintage engine is deprecated and should only be used temporarily while migrating tests to JUnit Jupiter or another testing framework with native JUnit Platform support.
Sep 10, 2026 10:30:56 PM org.junit.platform.launcher.core.DiscoveryIssueNotifier logIssues
INFO: TestEngine with ID 'junit-vintage' encountered a non-critical issue during test discovery:

(1) [INFO] The JUnit Vintage engine is deprecated and should only be used temporarily while migrating tests to JUnit Jupiter or another testing framework with native JUnit Platform support.
Sep 10, 2026 10:30:56 PM org.junit.platform.launcher.core.DiscoveryIssueNotifier logIssues
INFO: TestEngine with ID 'junit-vintage' encountered a non-critical issue during test discovery:

(1) [INFO] The JUnit Vintage engine is deprecated and should only be used temporarily while migrating tests to JUnit Jupiter or another testing framework with native JUnit Platform support.
Sep 10, 2026 10:30:56 PM org.junit.platform.launcher.core.DiscoveryIssueNotifier logIssues
INFO: TestEngine with ID 'junit-vintage' encountered a non-critical issue during test discovery:

(1) [INFO] The JUnit Vintage engine is deprecated and should only be used temporarily while migrating tests to JUnit Jupiter or another testing framework with native JUnit Platform support.
Sep 10, 2026 10:30:56 PM org.junit.platform.launcher.core.DiscoveryIssueNotifier logIssues
INFO: TestEngine with ID 'junit-vintage' encountered a non-critical issue during test discovery:

(1) [INFO] The JUnit Vintage engine is deprecated and should only be used temporarily while migrating tests to JUnit Jupiter or another testing framework with native JUnit Platform support.
Sep 10, 2026 10:30:56 PM org.junit.platform.launcher.core.DiscoveryIssueNotifier logIssues
INFO: TestEngine with ID 'junit-vintage' encountered a non-critical issue during test discovery:

(1) [INFO] The JUnit Vintage engine is deprecated and should only be used temporarily while migrating tests to JUnit Jupiter or another testing framework with native JUnit Platform support.
OpenJDK 64-Bit Server VM warning: Sharing is only supported for boot loader classes because bootstrap classpath has been appended
OpenJDK 64-Bit Server VM warning: Sharing is only supported for boot loader classes because bootstrap classpath has been appended
OpenJDK 64-Bit Server VM warning: Sharing is only supported for boot loader classes because bootstrap classpath has been appended
OpenJDK 64-Bit Server VM warning: Sharing is only supported for boot loader classes because bootstrap classpath has been appended
OpenJDK 64-Bit Server VM warning: Sharing is only supported for boot loader classes because bootstrap classpath has been appended
OpenJDK 64-Bit Server VM warning: Sharing is only supported for boot loader classes because bootstrap classpath has been appended
OpenJDK 64-Bit Server VM warning: Sharing is only supported for boot loader classes because bootstrap classpath has been appended
OpenJDK 64-Bit Server VM warning: Sharing is only supported for boot loader classes because bootstrap classpath has been appended
OpenJDK 64-Bit Server VM warning: Sharing is only supported for boot loader classes because bootstrap classpath has been appended
OpenJDK 64-Bit Server VM warning: Sharing is only supported for boot loader classes because bootstrap classpath has been appended
OpenJDK 64-Bit Server VM warning: Sharing is only supported for boot loader classes because bootstrap classpath has been appended
OpenJDK 64-Bit Server VM warning: Sharing is only supported for boot loader classes because bootstrap classpath has been appended
OpenJDK 64-Bit Server VM warning: Sharing is only supported for boot loader classes because bootstrap classpath has been appended
OpenJDK 64-Bit Server VM warning: Sharing is only supported for boot loader classes because bootstrap classpath has been appended
OpenJDK 64-Bit Server VM warning: Sharing is only supported for boot loader classes because bootstrap classpath has been appended
OpenJDK 64-Bit Server VM warning: Sharing is only supported for boot loader classes because bootstrap classpath has been appended
OpenJDK 64-Bit Server VM warning: Sharing is only supported for boot loader classes because bootstrap classpath has been appended
OpenJDK 64-Bit Server VM warning: Sharing is only supported for boot loader classes because bootstrap classpath has been appended
OpenJDK 64-Bit Server VM warning: Sharing is only supported for boot loader classes because bootstrap classpath has been appended
OpenJDK 64-Bit Server VM warning: Sharing is only supported for boot loader classes because bootstrap classpath has been appended
OpenJDK 64-Bit Server VM warning: Sharing is only supported for boot loader classes because bootstrap classpath has been appended
OpenJDK 64-Bit Server VM warning: Sharing is only supported for boot loader classes because bootstrap classpath has been appended
OpenJDK 64-Bit Server VM warning: Sharing is only supported for boot loader classes because bootstrap classpath has been appended
OpenJDK 64-Bit Server VM warning: Sharing is only supported for boot loader classes because bootstrap classpath has been appended
OpenJDK 64-Bit Server VM warning: Sharing is only supported for boot loader classes because bootstrap classpath has been appended
OpenJDK 64-Bit Server VM warning: Sharing is only supported for boot loader classes because bootstrap classpath has been appended
OpenJDK 64-Bit Server VM warning: Sharing is only supported for boot loader classes because bootstrap classpath has been appended
OpenJDK 64-Bit Server VM warning: Sharing is only supported for boot loader classes because bootstrap classpath has been appended
OpenJDK 64-Bit Server VM warning: Sharing is only supported for boot loader classes because bootstrap classpath has been appended
OpenJDK 64-Bit Server VM warning: Sharing is only supported for boot loader classes because bootstrap classpath has been appended
OpenJDK 64-Bit Server VM warning: Sharing is only supported for boot loader classes because bootstrap classpath has been appended
OpenJDK 64-Bit Server VM warning: Sharing is only supported for boot loader classes because bootstrap classpath has been appended
OpenJDK 64-Bit Server VM warning: Sharing is only supported for boot loader classes because bootstrap classpath has been appended
OpenJDK 64-Bit Server VM warning: Sharing is only supported for boot loader classes because bootstrap classpath has been appended
ERROR: Chicory produced no dtrace files.
