Sep 10, 2026 10:39:51 PM org.junit.platform.launcher.core.DiscoveryIssueNotifier logIssues
INFO: TestEngine with ID 'junit-vintage' encountered a non-critical issue during test discovery:

(1) [INFO] The JUnit Vintage engine is deprecated and should only be used temporarily while migrating tests to JUnit Jupiter or another testing framework with native JUnit Platform support.
Sep 10, 2026 10:39:51 PM org.junit.platform.launcher.core.DiscoveryIssueNotifier logIssues
INFO: TestEngine with ID 'junit-vintage' encountered a non-critical issue during test discovery:

(1) [INFO] The JUnit Vintage engine is deprecated and should only be used temporarily while migrating tests to JUnit Jupiter or another testing framework with native JUnit Platform support.
Sep 10, 2026 10:39:52 PM org.junit.platform.launcher.core.DiscoveryIssueNotifier logIssues
INFO: TestEngine with ID 'junit-vintage' encountered a non-critical issue during test discovery:

(1) [INFO] The JUnit Vintage engine is deprecated and should only be used temporarily while migrating tests to JUnit Jupiter or another testing framework with native JUnit Platform support.
Sep 10, 2026 10:39:52 PM org.junit.platform.launcher.core.DiscoveryIssueNotifier logIssues
INFO: TestEngine with ID 'junit-vintage' encountered a non-critical issue during test discovery:

(1) [INFO] The JUnit Vintage engine is deprecated and should only be used temporarily while migrating tests to JUnit Jupiter or another testing framework with native JUnit Platform support.
Sep 10, 2026 10:39:52 PM org.junit.platform.launcher.core.DiscoveryIssueNotifier logIssues
INFO: TestEngine with ID 'junit-vintage' encountered a non-critical issue during test discovery:

(1) [INFO] The JUnit Vintage engine is deprecated and should only be used temporarily while migrating tests to JUnit Jupiter or another testing framework with native JUnit Platform support.
Sep 10, 2026 10:39:52 PM org.junit.platform.launcher.core.DiscoveryIssueNotifier logIssues
INFO: TestEngine with ID 'junit-vintage' encountered a non-critical issue during test discovery:

(1) [INFO] The JUnit Vintage engine is deprecated and should only be used temporarily while migrating tests to JUnit Jupiter or another testing framework with native JUnit Platform support.
Sep 10, 2026 10:39:52 PM org.junit.platform.launcher.core.DiscoveryIssueNotifier logIssues
INFO: TestEngine with ID 'junit-vintage' encountered a non-critical issue during test discovery:

(1) [INFO] The JUnit Vintage engine is deprecated and should only be used temporarily while migrating tests to JUnit Jupiter or another testing framework with native JUnit Platform support.
OpenJDK 64-Bit Server VM warning: Sharing is only supported for boot loader classes because bootstrap classpath has been appended
OpenJDK 64-Bit Server VM warning: Sharing is only supported for boot loader classes because bootstrap classpath has been appended
OpenJDK 64-Bit Server VM warning: Sharing is only supported for boot loader classes because bootstrap classpath has been appended
OpenJDK 64-Bit Server VM warning: Sharing is only supported for boot loader classes because bootstrap classpath has been appended
OpenJDK 64-Bit Server VM warning: Sharing is only supported for boot loader classes because bootstrap classpath has been appended
OpenJDK 64-Bit Server VM warning: Sharing is only supported for boot loader classes because bootstrap classpath has been appended
OpenJDK 64-Bit Server VM warning: Sharing is only supported for boot loader classes because bootstrap classpath has been appended
OpenJDK 64-Bit Server VM warning: Sharing is only supported for boot loader classes because bootstrap classpath has been appended
OpenJDK 64-Bit Server VM warning: Sharing is only supported for boot loader classes because bootstrap classpath has been appended
OpenJDK 64-Bit Server VM warning: Sharing is only supported for boot loader classes because bootstrap classpath has been appended
OpenJDK 64-Bit Server VM warning: Sharing is only supported for boot loader classes because bootstrap classpath has been appended
OpenJDK 64-Bit Server VM warning: Sharing is only supported for boot loader classes because bootstrap classpath has been appended
Sep 10, 2026 10:40:11 PM org.junit.platform.launcher.core.DiscoveryIssueNotifier logIssues
INFO: TestEngine with ID 'junit-vintage' encountered a non-critical issue during test discovery:

(1) [INFO] The JUnit Vintage engine is deprecated and should only be used temporarily while migrating tests to JUnit Jupiter or another testing framework with native JUnit Platform support.
Sep 10, 2026 10:40:11 PM org.junit.platform.launcher.core.DiscoveryIssueNotifier logIssues
INFO: TestEngine with ID 'junit-vintage' encountered a non-critical issue during test discovery:

(1) [INFO] The JUnit Vintage engine is deprecated and should only be used temporarily while migrating tests to JUnit Jupiter or another testing framework with native JUnit Platform support.
Sep 10, 2026 10:40:11 PM org.junit.platform.launcher.core.DiscoveryIssueNotifier logIssues
INFO: TestEngine with ID 'junit-vintage' encountered a non-critical issue during test discovery:

(1) [INFO] The JUnit Vintage engine is deprecated and should only be used temporarily while migrating tests to JUnit Jupiter or another testing framework with native JUnit Platform support.
Sep 10, 2026 10:40:11 PM org.junit.platform.launcher.core.DiscoveryIssueNotifier logIssues
INFO: TestEngine with ID 'junit-vintage' encountered a non-critical issue during test discovery:

(1) [INFO] The JUnit Vintage engine is deprecated and should only be used temporarily while migrating tests to JUnit Jupiter or another testing framework with native JUnit Platform support.
Sep 10, 2026 10:40:11 PM org.junit.platform.launcher.core.DiscoveryIssueNotifier logIssues
INFO: TestEngine with ID 'junit-vintage' encountered a non-critical issue during test discovery:

(1) [INFO] The JUnit Vintage engine is deprecated and should only be used temporarily while migrating tests to JUnit Jupiter or another testing framework with native JUnit Platform support.
Sep 10, 2026 10:40:11 PM org.junit.platform.launcher.core.DiscoveryIssueNotifier logIssues
INFO: TestEngine with ID 'junit-vintage' encountered a non-critical issue during test discovery:

(1) [INFO] The JUnit Vintage engine is deprecated and should only be used temporarily while migrating tests to JUnit Jupiter or another testing framework with native JUnit Platform support.
Sep 10, 2026 10:40:11 PM org.junit.platform.launcher.core.DiscoveryIssueNotifier logIssues
INFO: TestEngine with ID 'junit-vintage' encountered a non-critical issue during test discovery:

(1) [INFO] The JUnit Vintage engine is deprecated and should only be used temporarily while migrating tests to JUnit Jupiter or another testing framework with native JUnit Platform support.
Sep 10, 2026 10:40:11 PM org.junit.platform.launcher.core.DiscoveryIssueNotifier logIssues
INFO: TestEngine with ID 'junit-vintage' encountered a non-critical issue during test discovery:

(1) [INFO] The JUnit Vintage engine is deprecated and should only be used temporarily while migrating tests to JUnit Jupiter or another testing framework with native JUnit Platform support.
Sep 10, 2026 10:40:11 PM org.junit.platform.launcher.core.DiscoveryIssueNotifier logIssues
INFO: TestEngine with ID 'junit-vintage' encountered a non-critical issue during test discovery:

(1) [INFO] The JUnit Vintage engine is deprecated and should only be used temporarily while migrating tests to JUnit Jupiter or another testing framework with native JUnit Platform support.
Sep 10, 2026 10:40:11 PM org.junit.platform.launcher.core.DiscoveryIssueNotifier logIssues
INFO: TestEngine with ID 'junit-vintage' encountered a non-critical issue during test discovery:

(1) [INFO] The JUnit Vintage engine is deprecated and should only be used temporarily while migrating tests to JUnit Jupiter or another testing framework with native JUnit Platform support.
Sep 10, 2026 10:40:11 PM org.junit.platform.launcher.core.DiscoveryIssueNotifier logIssues
INFO: TestEngine with ID 'junit-vintage' encountered a non-critical issue during test discovery:

(1) [INFO] The JUnit Vintage engine is deprecated and should only be used temporarily while migrating tests to JUnit Jupiter or another testing framework with native JUnit Platform support.
Sep 10, 2026 10:40:11 PM org.junit.platform.launcher.core.DiscoveryIssueNotifier logIssues
INFO: TestEngine with ID 'junit-vintage' encountered a non-critical issue during test discovery:

(1) [INFO] The JUnit Vintage engine is deprecated and should only be used temporarily while migrating tests to JUnit Jupiter or another testing framework with native JUnit Platform support.
Sep 10, 2026 10:40:11 PM org.junit.platform.launcher.core.DiscoveryIssueNotifier logIssues
INFO: TestEngine with ID 'junit-vintage' encountered a non-critical issue during test discovery:

(1) [INFO] The JUnit Vintage engine is deprecated and should only be used temporarily while migrating tests to JUnit Jupiter or another testing framework with native JUnit Platform support.
Sep 10, 2026 10:40:11 PM org.junit.platform.launcher.core.DiscoveryIssueNotifier logIssues
INFO: TestEngine with ID 'junit-vintage' encountered a non-critical issue during test discovery:

(1) [INFO] The JUnit Vintage engine is deprecated and should only be used temporarily while migrating tests to JUnit Jupiter or another testing framework with native JUnit Platform support.
Sep 10, 2026 10:40:11 PM org.junit.platform.launcher.core.DiscoveryIssueNotifier logIssues
INFO: TestEngine with ID 'junit-vintage' encountered a non-critical issue during test discovery:

(1) [INFO] The JUnit Vintage engine is deprecated and should only be used temporarily while migrating tests to JUnit Jupiter or another testing framework with native JUnit Platform support.
Sep 10, 2026 10:40:11 PM org.junit.platform.launcher.core.DiscoveryIssueNotifier logIssues
INFO: TestEngine with ID 'junit-vintage' encountered a non-critical issue during test discovery:

(1) [INFO] The JUnit Vintage engine is deprecated and should only be used temporarily while migrating tests to JUnit Jupiter or another testing framework with native JUnit Platform support.
Sep 10, 2026 10:40:11 PM org.junit.platform.launcher.core.DiscoveryIssueNotifier logIssues
INFO: TestEngine with ID 'junit-vintage' encountered a non-critical issue during test discovery:

(1) [INFO] The JUnit Vintage engine is deprecated and should only be used temporarily while migrating tests to JUnit Jupiter or another testing framework with native JUnit Platform support.
Sep 10, 2026 10:40:11 PM org.junit.platform.launcher.core.DiscoveryIssueNotifier logIssues
INFO: TestEngine with ID 'junit-vintage' encountered a non-critical issue during test discovery:

(1) [INFO] The JUnit Vintage engine is deprecated and should only be used temporarily while migrating tests to JUnit Jupiter or another testing framework with native JUnit Platform support.
Sep 10, 2026 10:40:11 PM org.junit.platform.launcher.core.DiscoveryIssueNotifier logIssues
INFO: TestEngine with ID 'junit-vintage' encountered a non-critical issue during test discovery:

(1) [INFO] The JUnit Vintage engine is deprecated and should only be used temporarily while migrating tests to JUnit Jupiter or another testing framework with native JUnit Platform support.
Sep 10, 2026 10:40:11 PM org.junit.platform.launcher.core.DiscoveryIssueNotifier logIssues
INFO: TestEngine with ID 'junit-vintage' encountered a non-critical issue during test discovery:

(1) [INFO] The JUnit Vintage engine is deprecated and should only be used temporarily while migrating tests to JUnit Jupiter or another testing framework with native JUnit Platform support.
Sep 10, 2026 10:40:11 PM org.junit.platform.launcher.core.DiscoveryIssueNotifier logIssues
INFO: TestEngine with ID 'junit-vintage' encountered a non-critical issue during test discovery:

(1) [INFO] The JUnit Vintage engine is deprecated and should only be used temporarily while migrating tests to JUnit Jupiter or another testing framework with native JUnit Platform support.
Sep 10, 2026 10:40:11 PM org.junit.platform.launcher.core.DiscoveryIssueNotifier logIssues
INFO: TestEngine with ID 'junit-vintage' encountered a non-critical issue during test discovery:

(1) [INFO] The JUnit Vintage engine is deprecated and should only be used temporarily while migrating tests to JUnit Jupiter or another testing framework with native JUnit Platform support.
Sep 10, 2026 10:40:11 PM org.junit.platform.launcher.core.DiscoveryIssueNotifier logIssues
INFO: TestEngine with ID 'junit-vintage' encountered a non-critical issue during test discovery:

(1) [INFO] The JUnit Vintage engine is deprecated and should only be used temporarily while migrating tests to JUnit Jupiter or another testing framework with native JUnit Platform support.
Sep 10, 2026 10:40:11 PM org.junit.platform.launcher.core.DiscoveryIssueNotifier logIssues
INFO: TestEngine with ID 'junit-vintage' encountered a non-critical issue during test discovery:

(1) [INFO] The JUnit Vintage engine is deprecated and should only be used temporarily while migrating tests to JUnit Jupiter or another testing framework with native JUnit Platform support.
Sep 10, 2026 10:40:11 PM org.junit.platform.launcher.core.DiscoveryIssueNotifier logIssues
INFO: TestEngine with ID 'junit-vintage' encountered a non-critical issue during test discovery:

(1) [INFO] The JUnit Vintage engine is deprecated and should only be used temporarily while migrating tests to JUnit Jupiter or another testing framework with native JUnit Platform support.
Sep 10, 2026 10:40:11 PM org.junit.platform.launcher.core.DiscoveryIssueNotifier logIssues
INFO: TestEngine with ID 'junit-vintage' encountered a non-critical issue during test discovery:

(1) [INFO] The JUnit Vintage engine is deprecated and should only be used temporarily while migrating tests to JUnit Jupiter or another testing framework with native JUnit Platform support.
Sep 10, 2026 10:40:11 PM org.junit.platform.launcher.core.DiscoveryIssueNotifier logIssues
INFO: TestEngine with ID 'junit-vintage' encountered a non-critical issue during test discovery:

(1) [INFO] The JUnit Vintage engine is deprecated and should only be used temporarily while migrating tests to JUnit Jupiter or another testing framework with native JUnit Platform support.
Sep 10, 2026 10:40:11 PM org.junit.platform.launcher.core.DiscoveryIssueNotifier logIssues
INFO: TestEngine with ID 'junit-vintage' encountered a non-critical issue during test discovery:

(1) [INFO] The JUnit Vintage engine is deprecated and should only be used temporarily while migrating tests to JUnit Jupiter or another testing framework with native JUnit Platform support.
Sep 10, 2026 10:40:11 PM org.junit.platform.launcher.core.DiscoveryIssueNotifier logIssues
INFO: TestEngine with ID 'junit-vintage' encountered a non-critical issue during test discovery:

(1) [INFO] The JUnit Vintage engine is deprecated and should only be used temporarily while migrating tests to JUnit Jupiter or another testing framework with native JUnit Platform support.
Sep 10, 2026 10:40:11 PM org.junit.platform.launcher.core.DiscoveryIssueNotifier logIssues
INFO: TestEngine with ID 'junit-vintage' encountered a non-critical issue during test discovery:

(1) [INFO] The JUnit Vintage engine is deprecated and should only be used temporarily while migrating tests to JUnit Jupiter or another testing framework with native JUnit Platform support.
Sep 10, 2026 10:40:11 PM org.junit.platform.launcher.core.DiscoveryIssueNotifier logIssues
INFO: TestEngine with ID 'junit-vintage' encountered a non-critical issue during test discovery:

(1) [INFO] The JUnit Vintage engine is deprecated and should only be used temporarily while migrating tests to JUnit Jupiter or another testing framework with native JUnit Platform support.
OpenJDK 64-Bit Server VM warning: Sharing is only supported for boot loader classes because bootstrap classpath has been appended
OpenJDK 64-Bit Server VM warning: Sharing is only supported for boot loader classes because bootstrap classpath has been appended
OpenJDK 64-Bit Server VM warning: Sharing is only supported for boot loader classes because bootstrap classpath has been appended
OpenJDK 64-Bit Server VM warning: Sharing is only supported for boot loader classes because bootstrap classpath has been appended
OpenJDK 64-Bit Server VM warning: Sharing is only supported for boot loader classes because bootstrap classpath has been appended
OpenJDK 64-Bit Server VM warning: Sharing is only supported for boot loader classes because bootstrap classpath has been appended
OpenJDK 64-Bit Server VM warning: Sharing is only supported for boot loader classes because bootstrap classpath has been appended
OpenJDK 64-Bit Server VM warning: Sharing is only supported for boot loader classes because bootstrap classpath has been appended
OpenJDK 64-Bit Server VM warning: Sharing is only supported for boot loader classes because bootstrap classpath has been appended
OpenJDK 64-Bit Server VM warning: Sharing is only supported for boot loader classes because bootstrap classpath has been appended
OpenJDK 64-Bit Server VM warning: Sharing is only supported for boot loader classes because bootstrap classpath has been appended
OpenJDK 64-Bit Server VM warning: Sharing is only supported for boot loader classes because bootstrap classpath has been appended
OpenJDK 64-Bit Server VM warning: Sharing is only supported for boot loader classes because bootstrap classpath has been appended
OpenJDK 64-Bit Server VM warning: Sharing is only supported for boot loader classes because bootstrap classpath has been appended
java.lang.ClassCastException: class org.apache.bcel.classfile.ConstantUtf8 cannot be cast to class org.apache.bcel.classfile.ConstantCP (org.apache.bcel.classfile.ConstantUtf8 and org.apache.bcel.classfile.ConstantCP are in unnamed module of loader 'app')
	at org.apache.bcel.generic.FieldOrMethod.getSignature(FieldOrMethod.java:133)
	at org.apache.bcel.generic.InvokeInstruction.produceStack(InvokeInstruction.java:121)
	at org.apache.bcel.generic.MethodGen.getMaxStack(MethodGen.java:164)
	at org.apache.bcel.generic.MethodGen.setMaxStack(MethodGen.java:1113)
	at daikon.chicory.Instrument.instrument_all_methods(Instrument.java:645)
	at daikon.chicory.Instrument.instrumentClass(Instrument.java:318)
	at daikon.chicory.Instrument.transform(Instrument.java:286)
	at java.instrument/java.lang.instrument.ClassFileTransformer.transform(ClassFileTransformer.java:244)
	at java.instrument/sun.instrument.TransformerManager.transform(TransformerManager.java:188)
	at java.instrument/sun.instrument.InstrumentationImpl.transform(InstrumentationImpl.java:541)
	at java.base/java.lang.ClassLoader.defineClass1(Native Method)
	at java.base/java.lang.ClassLoader.defineClass(ClassLoader.java:1017)
	at java.base/java.security.SecureClassLoader.defineClass(SecureClassLoader.java:150)
	at java.base/jdk.internal.loader.BuiltinClassLoader.defineClass(BuiltinClassLoader.java:862)
	at java.base/jdk.internal.loader.BuiltinClassLoader.findClassOnClassPathOrNull(BuiltinClassLoader.java:760)
	at java.base/jdk.internal.loader.BuiltinClassLoader.loadClassOrNull(BuiltinClassLoader.java:681)
	at java.base/jdk.internal.loader.BuiltinClassLoader.loadClass(BuiltinClassLoader.java:639)
	at java.base/jdk.internal.loader.ClassLoaders$AppClassLoader.loadClass(ClassLoaders.java:188)
	at java.base/java.lang.ClassLoader.loadClass(ClassLoader.java:525)
	at com.ctrip.framework.apollo.tracer.Tracer.<clinit>(Tracer.java:33)
	at com.ctrip.framework.apollo.biz.message.ReleaseMessageScanner.lambda$afterPropertiesSet$0(ReleaseMessageScanner.java:74)
	at java.base/java.util.concurrent.Executors$RunnableAdapter.call(Executors.java:539)
	at java.base/java.util.concurrent.FutureTask.runAndReset(FutureTask.java:305)
	at java.base/java.util.concurrent.ScheduledThreadPoolExecutor$ScheduledFutureTask.run(ScheduledThreadPoolExecutor.java:305)
	at java.base/java.util.concurrent.ThreadPoolExecutor.runWorker(ThreadPoolExecutor.java:1136)
	at java.base/java.util.concurrent.ThreadPoolExecutor$Worker.run(ThreadPoolExecutor.java:635)
	at java.base/java.lang.Thread.run(Thread.java:840)
java.lang.RuntimeException: Error java.lang.ClassCastException: class org.apache.bcel.classfile.ConstantUtf8 cannot be cast to class org.apache.bcel.classfile.ConstantCP (org.apache.bcel.classfile.ConstantUtf8 and org.apache.bcel.classfile.ConstantCP are in unnamed module of loader 'app') in transform of com.ctrip.framework.apollo.tracer.internals.NullMessageProducerManager
	at daikon.chicory.Instrument.transform(Instrument.java:290)
	at java.instrument/java.lang.instrument.ClassFileTransformer.transform(ClassFileTransformer.java:244)
	at java.instrument/sun.instrument.TransformerManager.transform(TransformerManager.java:188)
	at java.instrument/sun.instrument.InstrumentationImpl.transform(InstrumentationImpl.java:541)
	at java.base/java.lang.ClassLoader.defineClass1(Native Method)
	at java.base/java.lang.ClassLoader.defineClass(ClassLoader.java:1017)
	at java.base/java.security.SecureClassLoader.defineClass(SecureClassLoader.java:150)
	at java.base/jdk.internal.loader.BuiltinClassLoader.defineClass(BuiltinClassLoader.java:862)
	at java.base/jdk.internal.loader.BuiltinClassLoader.findClassOnClassPathOrNull(BuiltinClassLoader.java:760)
	at java.base/jdk.internal.loader.BuiltinClassLoader.loadClassOrNull(BuiltinClassLoader.java:681)
	at java.base/jdk.internal.loader.BuiltinClassLoader.loadClass(BuiltinClassLoader.java:639)
	at java.base/jdk.internal.loader.ClassLoaders$AppClassLoader.loadClass(ClassLoaders.java:188)
	at java.base/java.lang.ClassLoader.loadClass(ClassLoader.java:525)
	at com.ctrip.framework.apollo.tracer.Tracer.<clinit>(Tracer.java:33)
	at com.ctrip.framework.apollo.biz.message.ReleaseMessageScanner.lambda$afterPropertiesSet$0(ReleaseMessageScanner.java:74)
	at java.base/java.util.concurrent.Executors$RunnableAdapter.call(Executors.java:539)
	at java.base/java.util.concurrent.FutureTask.runAndReset(FutureTask.java:305)
	at java.base/java.util.concurrent.ScheduledThreadPoolExecutor$ScheduledFutureTask.run(ScheduledThreadPoolExecutor.java:305)
	at java.base/java.util.concurrent.ThreadPoolExecutor.runWorker(ThreadPoolExecutor.java:1136)
	at java.base/java.util.concurrent.ThreadPoolExecutor$Worker.run(ThreadPoolExecutor.java:635)
	at java.base/java.lang.Thread.run(Thread.java:840)
Caused by: java.lang.ClassCastException: class org.apache.bcel.classfile.ConstantUtf8 cannot be cast to class org.apache.bcel.classfile.ConstantCP (org.apache.bcel.classfile.ConstantUtf8 and org.apache.bcel.classfile.ConstantCP are in unnamed module of loader 'app')
	at org.apache.bcel.generic.FieldOrMethod.getSignature(FieldOrMethod.java:133)
	at org.apache.bcel.generic.InvokeInstruction.produceStack(InvokeInstruction.java:121)
	at org.apache.bcel.generic.MethodGen.getMaxStack(MethodGen.java:164)
	at org.apache.bcel.generic.MethodGen.setMaxStack(MethodGen.java:1113)
	at daikon.chicory.Instrument.createClinit(Instrument.java:450)
	at daikon.chicory.Instrument.instrumentClass(Instrument.java:344)
	at daikon.chicory.Instrument.transform(Instrument.java:286)
	... 20 more
OpenJDK 64-Bit Server VM warning: Sharing is only supported for boot loader classes because bootstrap classpath has been appended
OpenJDK 64-Bit Server VM warning: Sharing is only supported for boot loader classes because bootstrap classpath has been appended
OpenJDK 64-Bit Server VM warning: Sharing is only supported for boot loader classes because bootstrap classpath has been appended
OpenJDK 64-Bit Server VM warning: Sharing is only supported for boot loader classes because bootstrap classpath has been appended
OpenJDK 64-Bit Server VM warning: Sharing is only supported for boot loader classes because bootstrap classpath has been appended
OpenJDK 64-Bit Server VM warning: Sharing is only supported for boot loader classes because bootstrap classpath has been appended
OpenJDK 64-Bit Server VM warning: Sharing is only supported for boot loader classes because bootstrap classpath has been appended
OpenJDK 64-Bit Server VM warning: Sharing is only supported for boot loader classes because bootstrap classpath has been appended
OpenJDK 64-Bit Server VM warning: Sharing is only supported for boot loader classes because bootstrap classpath has been appended
OpenJDK 64-Bit Server VM warning: Sharing is only supported for boot loader classes because bootstrap classpath has been appended
OpenJDK 64-Bit Server VM warning: Sharing is only supported for boot loader classes because bootstrap classpath has been appended
OpenJDK 64-Bit Server VM warning: Sharing is only supported for boot loader classes because bootstrap classpath has been appended
OpenJDK 64-Bit Server VM warning: Sharing is only supported for boot loader classes because bootstrap classpath has been appended
OpenJDK 64-Bit Server VM warning: Sharing is only supported for boot loader classes because bootstrap classpath has been appended
OpenJDK 64-Bit Server VM warning: Sharing is only supported for boot loader classes because bootstrap classpath has been appended
OpenJDK 64-Bit Server VM warning: Sharing is only supported for boot loader classes because bootstrap classpath has been appended
OpenJDK 64-Bit Server VM warning: Sharing is only supported for boot loader classes because bootstrap classpath has been appended
OpenJDK 64-Bit Server VM warning: Sharing is only supported for boot loader classes because bootstrap classpath has been appended
OpenJDK 64-Bit Server VM warning: Sharing is only supported for boot loader classes because bootstrap classpath has been appended
OpenJDK 64-Bit Server VM warning: Sharing is only supported for boot loader classes because bootstrap classpath has been appended

gzip: /scratch/mjk76/ea442/promptstudy/apollo-chicory-out/1260014/dtrace.gz: invalid compressed data--format violated
