=== Important permissions ===
-rwxr--r--+ 1 ea442 ea442 11132 Sep  8 02:26 scripts/java-cpp
-rwxr--r--+ 1 ea442 ea442 3812 Sep  8 02:26 .utils/plume-scripts/sort-directory-order
rm -rf daikon.jar /tmp/daikon-jar
install -d /tmp/daikon-jar
# Compile Daikon and copy the resulting class files
# to the /tmp/daikon-jar directory
make -C java compile
make[1]: Entering directory '/mmfs1/scratch/mjk76/ea442/promptstudy/daikon-src-jdk25/java'
(rm -f daikon/PptSlice1.java; /mmfs1/scratch/mjk76/ea442/promptstudy/daikon-src-jdk25/scripts/java-cpp -DARITY1 daikon/PptSlice.java.jpp 2>&1 > daikon/PptSlice1.java && chmod a-w daikon/PptSlice1.java)
(rm -f daikon/PptSlice2.java; /mmfs1/scratch/mjk76/ea442/promptstudy/daikon-src-jdk25/scripts/java-cpp -DARITY2 daikon/PptSlice.java.jpp 2>&1 > daikon/PptSlice2.java && chmod a-w daikon/PptSlice2.java)
(rm -f daikon/PptSlice3.java; /mmfs1/scratch/mjk76/ea442/promptstudy/daikon-src-jdk25/scripts/java-cpp -DARITY3 daikon/PptSlice.java.jpp 2>&1 > daikon/PptSlice3.java && chmod a-w daikon/PptSlice3.java)
(rm -f daikon/Quant.java; /mmfs1/scratch/mjk76/ea442/promptstudy/daikon-src-jdk25/scripts/java-cpp -DDEFINEDVAR daikon/Quant.java.jpp 2>&1 > daikon/Quant.java && chmod a-w daikon/Quant.java)
(rm -f daikon/inv/ternary/threeScalar/FunctionBinary.java; /mmfs1/scratch/mjk76/ea442/promptstudy/daikon-src-jdk25/scripts/java-cpp -DTYPELONG daikon/inv/ternary/threeScalar/FunctionBinary.java.jpp 2>&1 > daikon/inv/ternary/threeScalar/FunctionBinary.java && chmod a-w daikon/inv/ternary/threeScalar/FunctionBinary.java)
(rm -f daikon/inv/ternary/threeScalar/FunctionBinaryFloat.java; /mmfs1/scratch/mjk76/ea442/promptstudy/daikon-src-jdk25/scripts/java-cpp -DTYPEDOUBLE daikon/inv/ternary/threeScalar/FunctionBinary.java.jpp 2>&1 > daikon/inv/ternary/threeScalar/FunctionBinaryFloat.java && chmod a-w daikon/inv/ternary/threeScalar/FunctionBinaryFloat.java)
(rm -f daikon/inv/ternary/threeScalar/ThreeScalar.java; /mmfs1/scratch/mjk76/ea442/promptstudy/daikon-src-jdk25/scripts/java-cpp -DTYPELONG daikon/inv/ternary/threeScalar/ThreeScalar.java.jpp 2>&1 > daikon/inv/ternary/threeScalar/ThreeScalar.java && chmod a-w daikon/inv/ternary/threeScalar/ThreeScalar.java)
(rm -f daikon/inv/ternary/threeScalar/ThreeFloat.java; /mmfs1/scratch/mjk76/ea442/promptstudy/daikon-src-jdk25/scripts/java-cpp -DTYPEDOUBLE daikon/inv/ternary/threeScalar/ThreeScalar.java.jpp 2>&1 > daikon/inv/ternary/threeScalar/ThreeFloat.java && chmod a-w daikon/inv/ternary/threeScalar/ThreeFloat.java)
(rm -f daikon/inv/ternary/threeScalar/LinearTernaryCore.java; /mmfs1/scratch/mjk76/ea442/promptstudy/daikon-src-jdk25/scripts/java-cpp -DTYPELONG daikon/inv/ternary/threeScalar/LinearTernaryCore.java.jpp 2>&1 > daikon/inv/ternary/threeScalar/LinearTernaryCore.java && chmod a-w daikon/inv/ternary/threeScalar/LinearTernaryCore.java)
(rm -f daikon/inv/ternary/threeScalar/LinearTernaryCoreFloat.java; /mmfs1/scratch/mjk76/ea442/promptstudy/daikon-src-jdk25/scripts/java-cpp -DTYPEDOUBLE daikon/inv/ternary/threeScalar/LinearTernaryCore.java.jpp 2>&1 > daikon/inv/ternary/threeScalar/LinearTernaryCoreFloat.java && chmod a-w daikon/inv/ternary/threeScalar/LinearTernaryCoreFloat.java)
(rm -f daikon/inv/ternary/threeScalar/LinearTernary.java; /mmfs1/scratch/mjk76/ea442/promptstudy/daikon-src-jdk25/scripts/java-cpp -DTYPELONG daikon/inv/ternary/threeScalar/LinearTernary.java.jpp 2>&1 > daikon/inv/ternary/threeScalar/LinearTernary.java && chmod a-w daikon/inv/ternary/threeScalar/LinearTernary.java)
(rm -f daikon/inv/ternary/threeScalar/LinearTernaryFloat.java; /mmfs1/scratch/mjk76/ea442/promptstudy/daikon-src-jdk25/scripts/java-cpp -DTYPEDOUBLE daikon/inv/ternary/threeScalar/LinearTernary.java.jpp 2>&1 > daikon/inv/ternary/threeScalar/LinearTernaryFloat.java && chmod a-w daikon/inv/ternary/threeScalar/LinearTernaryFloat.java)
(rm -f daikon/inv/unary/LowerBoundCore.java; /mmfs1/scratch/mjk76/ea442/promptstudy/daikon-src-jdk25/scripts/java-cpp -DLOWER daikon/inv/unary/BoundCore.java.jpp 2>&1 > daikon/inv/unary/LowerBoundCore.java && chmod a-w daikon/inv/unary/LowerBoundCore.java)
(rm -f daikon/inv/unary/UpperBoundCore.java; /mmfs1/scratch/mjk76/ea442/promptstudy/daikon-src-jdk25/scripts/java-cpp -DUPPER daikon/inv/unary/BoundCore.java.jpp 2>&1 > daikon/inv/unary/UpperBoundCore.java && chmod a-w daikon/inv/unary/UpperBoundCore.java)
(rm -f daikon/inv/unary/LowerBoundCoreFloat.java; /mmfs1/scratch/mjk76/ea442/promptstudy/daikon-src-jdk25/scripts/java-cpp -DLOWERFLOAT daikon/inv/unary/BoundCore.java.jpp 2>&1 > daikon/inv/unary/LowerBoundCoreFloat.java && chmod a-w daikon/inv/unary/LowerBoundCoreFloat.java)
(rm -f daikon/inv/unary/UpperBoundCoreFloat.java; /mmfs1/scratch/mjk76/ea442/promptstudy/daikon-src-jdk25/scripts/java-cpp -DUPPERFLOAT daikon/inv/unary/BoundCore.java.jpp 2>&1 > daikon/inv/unary/UpperBoundCoreFloat.java && chmod a-w daikon/inv/unary/UpperBoundCoreFloat.java)
(rm -f daikon/inv/unary/scalar/LowerBound.java; /mmfs1/scratch/mjk76/ea442/promptstudy/daikon-src-jdk25/scripts/java-cpp -DLOWER daikon/inv/unary/scalar/Bound.java.jpp 2>&1 > daikon/inv/unary/scalar/LowerBound.java && chmod a-w daikon/inv/unary/scalar/LowerBound.java)
(rm -f daikon/inv/unary/scalar/UpperBound.java; /mmfs1/scratch/mjk76/ea442/promptstudy/daikon-src-jdk25/scripts/java-cpp -DUPPER daikon/inv/unary/scalar/Bound.java.jpp 2>&1 > daikon/inv/unary/scalar/UpperBound.java && chmod a-w daikon/inv/unary/scalar/UpperBound.java)
(rm -f daikon/inv/unary/scalar/LowerBoundFloat.java; /mmfs1/scratch/mjk76/ea442/promptstudy/daikon-src-jdk25/scripts/java-cpp -DLOWERFLOAT daikon/inv/unary/scalar/Bound.java.jpp 2>&1 > daikon/inv/unary/scalar/LowerBoundFloat.java && chmod a-w daikon/inv/unary/scalar/LowerBoundFloat.java)
(rm -f daikon/inv/unary/scalar/UpperBoundFloat.java; /mmfs1/scratch/mjk76/ea442/promptstudy/daikon-src-jdk25/scripts/java-cpp -DUPPERFLOAT daikon/inv/unary/scalar/Bound.java.jpp 2>&1 > daikon/inv/unary/scalar/UpperBoundFloat.java && chmod a-w daikon/inv/unary/scalar/UpperBoundFloat.java)
(rm -f daikon/inv/unary/scalar/OneOfScalar.java; /mmfs1/scratch/mjk76/ea442/promptstudy/daikon-src-jdk25/scripts/java-cpp -DSCALAR daikon/inv/unary/OneOf.java.jpp 2>&1 > daikon/inv/unary/scalar/OneOfScalar.java && chmod a-w daikon/inv/unary/scalar/OneOfScalar.java)
(rm -f daikon/inv/unary/scalar/OneOfFloat.java; /mmfs1/scratch/mjk76/ea442/promptstudy/daikon-src-jdk25/scripts/java-cpp -DFLOAT daikon/inv/unary/OneOf.java.jpp 2>&1 > daikon/inv/unary/scalar/OneOfFloat.java && chmod a-w daikon/inv/unary/scalar/OneOfFloat.java)
(rm -f daikon/inv/unary/string/OneOfString.java; /mmfs1/scratch/mjk76/ea442/promptstudy/daikon-src-jdk25/scripts/java-cpp -DSTRING daikon/inv/unary/OneOf.java.jpp 2>&1 > daikon/inv/unary/string/OneOfString.java && chmod a-w daikon/inv/unary/string/OneOfString.java)
(rm -f daikon/inv/unary/scalar/NonZero.java; /mmfs1/scratch/mjk76/ea442/promptstudy/daikon-src-jdk25/scripts/java-cpp -DSCALAR daikon/inv/unary/scalar/NonZero.java.jpp 2>&1 > daikon/inv/unary/scalar/NonZero.java && chmod a-w daikon/inv/unary/scalar/NonZero.java)
(rm -f daikon/inv/unary/scalar/NonZeroFloat.java; /mmfs1/scratch/mjk76/ea442/promptstudy/daikon-src-jdk25/scripts/java-cpp -DFLOAT daikon/inv/unary/scalar/NonZero.java.jpp 2>&1 > daikon/inv/unary/scalar/NonZeroFloat.java && chmod a-w daikon/inv/unary/scalar/NonZeroFloat.java)
(rm -f daikon/inv/unary/scalar/RangeInt.java; /mmfs1/scratch/mjk76/ea442/promptstudy/daikon-src-jdk25/scripts/java-cpp -DSCALAR daikon/inv/unary/scalar/Range.java.jpp 2>&1 > daikon/inv/unary/scalar/RangeInt.java && chmod a-w daikon/inv/unary/scalar/RangeInt.java)
(rm -f daikon/inv/unary/scalar/RangeFloat.java; /mmfs1/scratch/mjk76/ea442/promptstudy/daikon-src-jdk25/scripts/java-cpp -DFLOAT daikon/inv/unary/scalar/Range.java.jpp 2>&1 > daikon/inv/unary/scalar/RangeFloat.java && chmod a-w daikon/inv/unary/scalar/RangeFloat.java)
(rm -f daikon/inv/unary/sequence/EltRangeInt.java; /mmfs1/scratch/mjk76/ea442/promptstudy/daikon-src-jdk25/scripts/java-cpp -DSCALARSEQ daikon/inv/unary/scalar/Range.java.jpp 2>&1 > daikon/inv/unary/sequence/EltRangeInt.java && chmod a-w daikon/inv/unary/sequence/EltRangeInt.java)
(rm -f daikon/inv/unary/sequence/EltRangeFloat.java; /mmfs1/scratch/mjk76/ea442/promptstudy/daikon-src-jdk25/scripts/java-cpp -DFLOATSEQ daikon/inv/unary/scalar/Range.java.jpp 2>&1 > daikon/inv/unary/sequence/EltRangeFloat.java && chmod a-w daikon/inv/unary/sequence/EltRangeFloat.java)
(rm -f daikon/inv/unary/sequence/OneOfSequence.java; /mmfs1/scratch/mjk76/ea442/promptstudy/daikon-src-jdk25/scripts/java-cpp -DSEQUENCE daikon/inv/unary/OneOf.java.jpp 2>&1 > daikon/inv/unary/sequence/OneOfSequence.java && chmod a-w daikon/inv/unary/sequence/OneOfSequence.java)
(rm -f daikon/inv/unary/sequence/OneOfFloatSequence.java; /mmfs1/scratch/mjk76/ea442/promptstudy/daikon-src-jdk25/scripts/java-cpp -DFLOATSEQUENCE daikon/inv/unary/OneOf.java.jpp 2>&1 > daikon/inv/unary/sequence/OneOfFloatSequence.java && chmod a-w daikon/inv/unary/sequence/OneOfFloatSequence.java)
(rm -f daikon/inv/unary/sequence/EltOneOf.java; /mmfs1/scratch/mjk76/ea442/promptstudy/daikon-src-jdk25/scripts/java-cpp -DELT daikon/inv/unary/OneOf.java.jpp 2>&1 > daikon/inv/unary/sequence/EltOneOf.java && chmod a-w daikon/inv/unary/sequence/EltOneOf.java)
(rm -f daikon/inv/unary/sequence/EltOneOfFloat.java; /mmfs1/scratch/mjk76/ea442/promptstudy/daikon-src-jdk25/scripts/java-cpp -DELTFLOAT daikon/inv/unary/OneOf.java.jpp 2>&1 > daikon/inv/unary/sequence/EltOneOfFloat.java && chmod a-w daikon/inv/unary/sequence/EltOneOfFloat.java)
(rm -f daikon/inv/unary/sequence/EltLowerBound.java; /mmfs1/scratch/mjk76/ea442/promptstudy/daikon-src-jdk25/scripts/java-cpp -DELTLOWER daikon/inv/unary/scalar/Bound.java.jpp 2>&1 > daikon/inv/unary/sequence/EltLowerBound.java && chmod a-w daikon/inv/unary/sequence/EltLowerBound.java)
(rm -f daikon/inv/unary/sequence/EltLowerBoundFloat.java; /mmfs1/scratch/mjk76/ea442/promptstudy/daikon-src-jdk25/scripts/java-cpp -DELTLOWERFLOAT daikon/inv/unary/scalar/Bound.java.jpp 2>&1 > daikon/inv/unary/sequence/EltLowerBoundFloat.java && chmod a-w daikon/inv/unary/sequence/EltLowerBoundFloat.java)
(rm -f daikon/inv/unary/sequence/EltUpperBound.java; /mmfs1/scratch/mjk76/ea442/promptstudy/daikon-src-jdk25/scripts/java-cpp -DELTUPPER daikon/inv/unary/scalar/Bound.java.jpp 2>&1 > daikon/inv/unary/sequence/EltUpperBound.java && chmod a-w daikon/inv/unary/sequence/EltUpperBound.java)
(rm -f daikon/inv/unary/sequence/EltUpperBoundFloat.java; /mmfs1/scratch/mjk76/ea442/promptstudy/daikon-src-jdk25/scripts/java-cpp -DELTUPPERFLOAT daikon/inv/unary/scalar/Bound.java.jpp 2>&1 > daikon/inv/unary/sequence/EltUpperBoundFloat.java && chmod a-w daikon/inv/unary/sequence/EltUpperBoundFloat.java)
(rm -f daikon/inv/unary/sequence/NoDuplicates.java; /mmfs1/scratch/mjk76/ea442/promptstudy/daikon-src-jdk25/scripts/java-cpp -DTYPELONG daikon/inv/unary/sequence/NoDuplicates.java.jpp 2>&1 > daikon/inv/unary/sequence/NoDuplicates.java && chmod a-w daikon/inv/unary/sequence/NoDuplicates.java)
(rm -f daikon/inv/unary/sequence/NoDuplicatesFloat.java; /mmfs1/scratch/mjk76/ea442/promptstudy/daikon-src-jdk25/scripts/java-cpp -DTYPEDOUBLE daikon/inv/unary/sequence/NoDuplicates.java.jpp 2>&1 > daikon/inv/unary/sequence/NoDuplicatesFloat.java && chmod a-w daikon/inv/unary/sequence/NoDuplicatesFloat.java)
(rm -f daikon/inv/unary/sequence/SeqIndexIntEqual.java; /mmfs1/scratch/mjk76/ea442/promptstudy/daikon-src-jdk25/scripts/java-cpp -DEQUAL daikon/inv/unary/sequence/SeqIndexComparison.java.jpp 2>&1 > daikon/inv/unary/sequence/SeqIndexIntEqual.java && chmod a-w daikon/inv/unary/sequence/SeqIndexIntEqual.java)
(rm -f daikon/inv/unary/sequence/SeqIndexIntNonEqual.java; /mmfs1/scratch/mjk76/ea442/promptstudy/daikon-src-jdk25/scripts/java-cpp -DNONEQUAL daikon/inv/unary/sequence/SeqIndexComparison.java.jpp 2>&1 > daikon/inv/unary/sequence/SeqIndexIntNonEqual.java && chmod a-w daikon/inv/unary/sequence/SeqIndexIntNonEqual.java)
(rm -f daikon/inv/unary/sequence/SeqIndexIntGreaterThan.java; /mmfs1/scratch/mjk76/ea442/promptstudy/daikon-src-jdk25/scripts/java-cpp -DGREATERTHAN daikon/inv/unary/sequence/SeqIndexComparison.java.jpp 2>&1 > daikon/inv/unary/sequence/SeqIndexIntGreaterThan.java && chmod a-w daikon/inv/unary/sequence/SeqIndexIntGreaterThan.java)
(rm -f daikon/inv/unary/sequence/SeqIndexIntGreaterEqual.java; /mmfs1/scratch/mjk76/ea442/promptstudy/daikon-src-jdk25/scripts/java-cpp -DGREATEREQUAL daikon/inv/unary/sequence/SeqIndexComparison.java.jpp 2>&1 > daikon/inv/unary/sequence/SeqIndexIntGreaterEqual.java && chmod a-w daikon/inv/unary/sequence/SeqIndexIntGreaterEqual.java)
(rm -f daikon/inv/unary/sequence/SeqIndexIntLessThan.java; /mmfs1/scratch/mjk76/ea442/promptstudy/daikon-src-jdk25/scripts/java-cpp -DLESSTHAN daikon/inv/unary/sequence/SeqIndexComparison.java.jpp 2>&1 > daikon/inv/unary/sequence/SeqIndexIntLessThan.java && chmod a-w daikon/inv/unary/sequence/SeqIndexIntLessThan.java)
(rm -f daikon/inv/unary/sequence/SeqIndexIntLessEqual.java; /mmfs1/scratch/mjk76/ea442/promptstudy/daikon-src-jdk25/scripts/java-cpp -DLESSEQUAL daikon/inv/unary/sequence/SeqIndexComparison.java.jpp 2>&1 > daikon/inv/unary/sequence/SeqIndexIntLessEqual.java && chmod a-w daikon/inv/unary/sequence/SeqIndexIntLessEqual.java)
(rm -f daikon/inv/unary/sequence/SeqIndexFloatEqual.java; /mmfs1/scratch/mjk76/ea442/promptstudy/daikon-src-jdk25/scripts/java-cpp -DEQUALFLOAT daikon/inv/unary/sequence/SeqIndexComparison.java.jpp 2>&1 > daikon/inv/unary/sequence/SeqIndexFloatEqual.java && chmod a-w daikon/inv/unary/sequence/SeqIndexFloatEqual.java)
(rm -f daikon/inv/unary/sequence/SeqIndexFloatNonEqual.java; /mmfs1/scratch/mjk76/ea442/promptstudy/daikon-src-jdk25/scripts/java-cpp -DNONEQUALFLOAT daikon/inv/unary/sequence/SeqIndexComparison.java.jpp 2>&1 > daikon/inv/unary/sequence/SeqIndexFloatNonEqual.java && chmod a-w daikon/inv/unary/sequence/SeqIndexFloatNonEqual.java)
(rm -f daikon/inv/unary/sequence/SeqIndexFloatGreaterThan.java; /mmfs1/scratch/mjk76/ea442/promptstudy/daikon-src-jdk25/scripts/java-cpp -DGREATERTHANFLOAT daikon/inv/unary/sequence/SeqIndexComparison.java.jpp 2>&1 > daikon/inv/unary/sequence/SeqIndexFloatGreaterThan.java && chmod a-w daikon/inv/unary/sequence/SeqIndexFloatGreaterThan.java)
(rm -f daikon/inv/unary/sequence/SeqIndexFloatGreaterEqual.java; /mmfs1/scratch/mjk76/ea442/promptstudy/daikon-src-jdk25/scripts/java-cpp -DGREATEREQUALFLOAT daikon/inv/unary/sequence/SeqIndexComparison.java.jpp 2>&1 > daikon/inv/unary/sequence/SeqIndexFloatGreaterEqual.java && chmod a-w daikon/inv/unary/sequence/SeqIndexFloatGreaterEqual.java)
(rm -f daikon/inv/unary/sequence/SeqIndexFloatLessThan.java; /mmfs1/scratch/mjk76/ea442/promptstudy/daikon-src-jdk25/scripts/java-cpp -DLESSTHANFLOAT daikon/inv/unary/sequence/SeqIndexComparison.java.jpp 2>&1 > daikon/inv/unary/sequence/SeqIndexFloatLessThan.java && chmod a-w daikon/inv/unary/sequence/SeqIndexFloatLessThan.java)
(rm -f daikon/inv/unary/sequence/SeqIndexFloatLessEqual.java; /mmfs1/scratch/mjk76/ea442/promptstudy/daikon-src-jdk25/scripts/java-cpp -DLESSEQUALFLOAT daikon/inv/unary/sequence/SeqIndexComparison.java.jpp 2>&1 > daikon/inv/unary/sequence/SeqIndexFloatLessEqual.java && chmod a-w daikon/inv/unary/sequence/SeqIndexFloatLessEqual.java)
(rm -f daikon/inv/unary/sequence/CommonSequence.java; /mmfs1/scratch/mjk76/ea442/promptstudy/daikon-src-jdk25/scripts/java-cpp -DTYPELONG daikon/inv/unary/sequence/CommonSequence.java.jpp 2>&1 > daikon/inv/unary/sequence/CommonSequence.java && chmod a-w daikon/inv/unary/sequence/CommonSequence.java)
(rm -f daikon/inv/unary/sequence/CommonFloatSequence.java; /mmfs1/scratch/mjk76/ea442/promptstudy/daikon-src-jdk25/scripts/java-cpp -DTYPEDOUBLE daikon/inv/unary/sequence/CommonSequence.java.jpp 2>&1 > daikon/inv/unary/sequence/CommonFloatSequence.java && chmod a-w daikon/inv/unary/sequence/CommonFloatSequence.java)
(rm -f daikon/inv/unary/sequence/EltNonZero.java; /mmfs1/scratch/mjk76/ea442/promptstudy/daikon-src-jdk25/scripts/java-cpp -DTYPELONG daikon/inv/unary/sequence/EltNonZero.java.jpp 2>&1 > daikon/inv/unary/sequence/EltNonZero.java && chmod a-w daikon/inv/unary/sequence/EltNonZero.java)
(rm -f daikon/inv/unary/sequence/EltNonZeroFloat.java; /mmfs1/scratch/mjk76/ea442/promptstudy/daikon-src-jdk25/scripts/java-cpp -DTYPEDOUBLE daikon/inv/unary/sequence/EltNonZero.java.jpp 2>&1 > daikon/inv/unary/sequence/EltNonZeroFloat.java && chmod a-w daikon/inv/unary/sequence/EltNonZeroFloat.java)
(rm -f daikon/inv/unary/sequence/EltwiseIntComparison.java; /mmfs1/scratch/mjk76/ea442/promptstudy/daikon-src-jdk25/scripts/java-cpp -DTYPELONG daikon/inv/unary/sequence/EltwiseIntComparison.java.jpp 2>&1 > daikon/inv/unary/sequence/EltwiseIntComparison.java && chmod a-w daikon/inv/unary/sequence/EltwiseIntComparison.java)
(rm -f daikon/inv/unary/sequence/EltwiseFloatComparison.java; /mmfs1/scratch/mjk76/ea442/promptstudy/daikon-src-jdk25/scripts/java-cpp -DTYPEDOUBLE daikon/inv/unary/sequence/EltwiseIntComparison.java.jpp 2>&1 > daikon/inv/unary/sequence/EltwiseFloatComparison.java && chmod a-w daikon/inv/unary/sequence/EltwiseFloatComparison.java)
(rm -f daikon/inv/unary/sequence/EltwiseIntEqual.java; /mmfs1/scratch/mjk76/ea442/promptstudy/daikon-src-jdk25/scripts/java-cpp -DEQUAL daikon/inv/unary/sequence/EltwiseIntComparisons.java.jpp 2>&1 > daikon/inv/unary/sequence/EltwiseIntEqual.java && chmod a-w daikon/inv/unary/sequence/EltwiseIntEqual.java)
(rm -f daikon/inv/unary/sequence/EltwiseIntLessThan.java; /mmfs1/scratch/mjk76/ea442/promptstudy/daikon-src-jdk25/scripts/java-cpp -DLESSTHAN daikon/inv/unary/sequence/EltwiseIntComparisons.java.jpp 2>&1 > daikon/inv/unary/sequence/EltwiseIntLessThan.java && chmod a-w daikon/inv/unary/sequence/EltwiseIntLessThan.java)
(rm -f daikon/inv/unary/sequence/EltwiseIntLessEqual.java; /mmfs1/scratch/mjk76/ea442/promptstudy/daikon-src-jdk25/scripts/java-cpp -DLESSEQUAL daikon/inv/unary/sequence/EltwiseIntComparisons.java.jpp 2>&1 > daikon/inv/unary/sequence/EltwiseIntLessEqual.java && chmod a-w daikon/inv/unary/sequence/EltwiseIntLessEqual.java)
(rm -f daikon/inv/unary/sequence/EltwiseIntGreaterThan.java; /mmfs1/scratch/mjk76/ea442/promptstudy/daikon-src-jdk25/scripts/java-cpp -DGREATERTHAN daikon/inv/unary/sequence/EltwiseIntComparisons.java.jpp 2>&1 > daikon/inv/unary/sequence/EltwiseIntGreaterThan.java && chmod a-w daikon/inv/unary/sequence/EltwiseIntGreaterThan.java)
(rm -f daikon/inv/unary/sequence/EltwiseIntGreaterEqual.java; /mmfs1/scratch/mjk76/ea442/promptstudy/daikon-src-jdk25/scripts/java-cpp -DGREATEREQUAL daikon/inv/unary/sequence/EltwiseIntComparisons.java.jpp 2>&1 > daikon/inv/unary/sequence/EltwiseIntGreaterEqual.java && chmod a-w daikon/inv/unary/sequence/EltwiseIntGreaterEqual.java)
(rm -f daikon/inv/unary/sequence/EltwiseFloatEqual.java; /mmfs1/scratch/mjk76/ea442/promptstudy/daikon-src-jdk25/scripts/java-cpp -DEQUALFLOAT daikon/inv/unary/sequence/EltwiseIntComparisons.java.jpp 2>&1 > daikon/inv/unary/sequence/EltwiseFloatEqual.java && chmod a-w daikon/inv/unary/sequence/EltwiseFloatEqual.java)
(rm -f daikon/inv/unary/sequence/EltwiseFloatLessThan.java; /mmfs1/scratch/mjk76/ea442/promptstudy/daikon-src-jdk25/scripts/java-cpp -DLESSTHANFLOAT daikon/inv/unary/sequence/EltwiseIntComparisons.java.jpp 2>&1 > daikon/inv/unary/sequence/EltwiseFloatLessThan.java && chmod a-w daikon/inv/unary/sequence/EltwiseFloatLessThan.java)
(rm -f daikon/inv/unary/sequence/EltwiseFloatLessEqual.java; /mmfs1/scratch/mjk76/ea442/promptstudy/daikon-src-jdk25/scripts/java-cpp -DLESSEQUALFLOAT daikon/inv/unary/sequence/EltwiseIntComparisons.java.jpp 2>&1 > daikon/inv/unary/sequence/EltwiseFloatLessEqual.java && chmod a-w daikon/inv/unary/sequence/EltwiseFloatLessEqual.java)
(rm -f daikon/inv/unary/sequence/EltwiseFloatGreaterThan.java; /mmfs1/scratch/mjk76/ea442/promptstudy/daikon-src-jdk25/scripts/java-cpp -DGREATERTHANFLOAT daikon/inv/unary/sequence/EltwiseIntComparisons.java.jpp 2>&1 > daikon/inv/unary/sequence/EltwiseFloatGreaterThan.java && chmod a-w daikon/inv/unary/sequence/EltwiseFloatGreaterThan.java)
(rm -f daikon/inv/unary/sequence/EltwiseFloatGreaterEqual.java; /mmfs1/scratch/mjk76/ea442/promptstudy/daikon-src-jdk25/scripts/java-cpp -DGREATEREQUALFLOAT daikon/inv/unary/sequence/EltwiseIntComparisons.java.jpp 2>&1 > daikon/inv/unary/sequence/EltwiseFloatGreaterEqual.java && chmod a-w daikon/inv/unary/sequence/EltwiseFloatGreaterEqual.java)
(rm -f daikon/inv/unary/stringsequence/EltOneOfString.java; /mmfs1/scratch/mjk76/ea442/promptstudy/daikon-src-jdk25/scripts/java-cpp -DELTSTRING daikon/inv/unary/OneOf.java.jpp 2>&1 > daikon/inv/unary/stringsequence/EltOneOfString.java && chmod a-w daikon/inv/unary/stringsequence/EltOneOfString.java)
(rm -f daikon/inv/unary/stringsequence/OneOfStringSequence.java; /mmfs1/scratch/mjk76/ea442/promptstudy/daikon-src-jdk25/scripts/java-cpp -DSTRINGSEQUENCE daikon/inv/unary/OneOf.java.jpp 2>&1 > daikon/inv/unary/stringsequence/OneOfStringSequence.java && chmod a-w daikon/inv/unary/stringsequence/OneOfStringSequence.java)
(rm -f daikon/inv/binary/sequenceScalar/Member.java; /mmfs1/scratch/mjk76/ea442/promptstudy/daikon-src-jdk25/scripts/java-cpp -DSCALAR daikon/inv/binary/Member.java.jpp 2>&1 > daikon/inv/binary/sequenceScalar/Member.java && chmod a-w daikon/inv/binary/sequenceScalar/Member.java)
(rm -f daikon/inv/binary/sequenceString/MemberString.java; /mmfs1/scratch/mjk76/ea442/promptstudy/daikon-src-jdk25/scripts/java-cpp -DSTRING daikon/inv/binary/Member.java.jpp 2>&1 > daikon/inv/binary/sequenceString/MemberString.java && chmod a-w daikon/inv/binary/sequenceString/MemberString.java)
(rm -f daikon/inv/binary/sequenceString/SequenceString.java; /mmfs1/scratch/mjk76/ea442/promptstudy/daikon-src-jdk25/scripts/java-cpp -DTYPESTRING daikon/inv/binary/sequenceScalar/SequenceScalar.java.jpp 2>&1 > daikon/inv/binary/sequenceString/SequenceString.java && chmod a-w daikon/inv/binary/sequenceString/SequenceString.java)
(rm -f daikon/inv/binary/sequenceScalar/MemberFloat.java; /mmfs1/scratch/mjk76/ea442/promptstudy/daikon-src-jdk25/scripts/java-cpp -DFLOAT daikon/inv/binary/Member.java.jpp 2>&1 > daikon/inv/binary/sequenceScalar/MemberFloat.java && chmod a-w daikon/inv/binary/sequenceScalar/MemberFloat.java)
(rm -f daikon/inv/binary/sequenceScalar/SeqIntLessThan.java; /mmfs1/scratch/mjk76/ea442/promptstudy/daikon-src-jdk25/scripts/java-cpp -DLESSTHAN daikon/inv/binary/sequenceScalar/SeqIntComparison.java.jpp 2>&1 > daikon/inv/binary/sequenceScalar/SeqIntLessThan.java && chmod a-w daikon/inv/binary/sequenceScalar/SeqIntLessThan.java)
(rm -f daikon/inv/binary/sequenceScalar/SeqIntGreaterThan.java; /mmfs1/scratch/mjk76/ea442/promptstudy/daikon-src-jdk25/scripts/java-cpp -DGREATERTHAN daikon/inv/binary/sequenceScalar/SeqIntComparison.java.jpp 2>&1 > daikon/inv/binary/sequenceScalar/SeqIntGreaterThan.java && chmod a-w daikon/inv/binary/sequenceScalar/SeqIntGreaterThan.java)
(rm -f daikon/inv/binary/sequenceScalar/SeqIntLessEqual.java; /mmfs1/scratch/mjk76/ea442/promptstudy/daikon-src-jdk25/scripts/java-cpp -DLESSEQUAL daikon/inv/binary/sequenceScalar/SeqIntComparison.java.jpp 2>&1 > daikon/inv/binary/sequenceScalar/SeqIntLessEqual.java && chmod a-w daikon/inv/binary/sequenceScalar/SeqIntLessEqual.java)
(rm -f daikon/inv/binary/sequenceScalar/SeqIntGreaterEqual.java; /mmfs1/scratch/mjk76/ea442/promptstudy/daikon-src-jdk25/scripts/java-cpp -DGREATEREQUAL daikon/inv/binary/sequenceScalar/SeqIntComparison.java.jpp 2>&1 > daikon/inv/binary/sequenceScalar/SeqIntGreaterEqual.java && chmod a-w daikon/inv/binary/sequenceScalar/SeqIntGreaterEqual.java)
(rm -f daikon/inv/binary/sequenceScalar/SeqIntEqual.java; /mmfs1/scratch/mjk76/ea442/promptstudy/daikon-src-jdk25/scripts/java-cpp -DEQUAL daikon/inv/binary/sequenceScalar/SeqIntComparison.java.jpp 2>&1 > daikon/inv/binary/sequenceScalar/SeqIntEqual.java && chmod a-w daikon/inv/binary/sequenceScalar/SeqIntEqual.java)
(rm -f daikon/inv/binary/sequenceScalar/SeqFloatLessThan.java; /mmfs1/scratch/mjk76/ea442/promptstudy/daikon-src-jdk25/scripts/java-cpp -DLESSTHANFLOAT daikon/inv/binary/sequenceScalar/SeqIntComparison.java.jpp 2>&1 > daikon/inv/binary/sequenceScalar/SeqFloatLessThan.java && chmod a-w daikon/inv/binary/sequenceScalar/SeqFloatLessThan.java)
(rm -f daikon/inv/binary/sequenceScalar/SeqFloatGreaterThan.java; /mmfs1/scratch/mjk76/ea442/promptstudy/daikon-src-jdk25/scripts/java-cpp -DGREATERTHANFLOAT daikon/inv/binary/sequenceScalar/SeqIntComparison.java.jpp 2>&1 > daikon/inv/binary/sequenceScalar/SeqFloatGreaterThan.java && chmod a-w daikon/inv/binary/sequenceScalar/SeqFloatGreaterThan.java)
(rm -f daikon/inv/binary/sequenceScalar/SeqFloatLessEqual.java; /mmfs1/scratch/mjk76/ea442/promptstudy/daikon-src-jdk25/scripts/java-cpp -DLESSEQUALFLOAT daikon/inv/binary/sequenceScalar/SeqIntComparison.java.jpp 2>&1 > daikon/inv/binary/sequenceScalar/SeqFloatLessEqual.java && chmod a-w daikon/inv/binary/sequenceScalar/SeqFloatLessEqual.java)
(rm -f daikon/inv/binary/sequenceScalar/SeqFloatGreaterEqual.java; /mmfs1/scratch/mjk76/ea442/promptstudy/daikon-src-jdk25/scripts/java-cpp -DGREATEREQUALFLOAT daikon/inv/binary/sequenceScalar/SeqIntComparison.java.jpp 2>&1 > daikon/inv/binary/sequenceScalar/SeqFloatGreaterEqual.java && chmod a-w daikon/inv/binary/sequenceScalar/SeqFloatGreaterEqual.java)
(rm -f daikon/inv/binary/sequenceScalar/SeqFloatEqual.java; /mmfs1/scratch/mjk76/ea442/promptstudy/daikon-src-jdk25/scripts/java-cpp -DEQUALFLOAT daikon/inv/binary/sequenceScalar/SeqIntComparison.java.jpp 2>&1 > daikon/inv/binary/sequenceScalar/SeqFloatEqual.java && chmod a-w daikon/inv/binary/sequenceScalar/SeqFloatEqual.java)
(rm -f daikon/inv/binary/sequenceScalar/SequenceScalar.java; /mmfs1/scratch/mjk76/ea442/promptstudy/daikon-src-jdk25/scripts/java-cpp -DTYPELONG daikon/inv/binary/sequenceScalar/SequenceScalar.java.jpp 2>&1 > daikon/inv/binary/sequenceScalar/SequenceScalar.java && chmod a-w daikon/inv/binary/sequenceScalar/SequenceScalar.java)
(rm -f daikon/inv/binary/sequenceScalar/SequenceFloat.java; /mmfs1/scratch/mjk76/ea442/promptstudy/daikon-src-jdk25/scripts/java-cpp -DTYPEDOUBLE daikon/inv/binary/sequenceScalar/SequenceScalar.java.jpp 2>&1 > daikon/inv/binary/sequenceScalar/SequenceFloat.java && chmod a-w daikon/inv/binary/sequenceScalar/SequenceFloat.java)
(rm -f daikon/inv/binary/twoScalar/IntEqual.java; /mmfs1/scratch/mjk76/ea442/promptstudy/daikon-src-jdk25/scripts/java-cpp -DEQUAL daikon/inv/binary/twoScalar/IntComparisons.java.jpp 2>&1 > daikon/inv/binary/twoScalar/IntEqual.java && chmod a-w daikon/inv/binary/twoScalar/IntEqual.java)
(rm -f daikon/inv/binary/twoScalar/FloatEqual.java; /mmfs1/scratch/mjk76/ea442/promptstudy/daikon-src-jdk25/scripts/java-cpp -DEQUALFLOAT daikon/inv/binary/twoScalar/IntComparisons.java.jpp 2>&1 > daikon/inv/binary/twoScalar/FloatEqual.java && chmod a-w daikon/inv/binary/twoScalar/FloatEqual.java)
(rm -f daikon/inv/binary/twoScalar/IntNonEqual.java; /mmfs1/scratch/mjk76/ea442/promptstudy/daikon-src-jdk25/scripts/java-cpp -DNONEQUAL daikon/inv/binary/twoScalar/IntComparisons.java.jpp 2>&1 > daikon/inv/binary/twoScalar/IntNonEqual.java && chmod a-w daikon/inv/binary/twoScalar/IntNonEqual.java)
(rm -f daikon/inv/binary/twoScalar/FloatNonEqual.java; /mmfs1/scratch/mjk76/ea442/promptstudy/daikon-src-jdk25/scripts/java-cpp -DNONEQUALFLOAT daikon/inv/binary/twoScalar/IntComparisons.java.jpp 2>&1 > daikon/inv/binary/twoScalar/FloatNonEqual.java && chmod a-w daikon/inv/binary/twoScalar/FloatNonEqual.java)
(rm -f daikon/inv/binary/twoScalar/IntLessThan.java; /mmfs1/scratch/mjk76/ea442/promptstudy/daikon-src-jdk25/scripts/java-cpp -DLESSTHAN daikon/inv/binary/twoScalar/IntComparisons.java.jpp 2>&1 > daikon/inv/binary/twoScalar/IntLessThan.java && chmod a-w daikon/inv/binary/twoScalar/IntLessThan.java)
(rm -f daikon/inv/binary/twoScalar/FloatLessThan.java; /mmfs1/scratch/mjk76/ea442/promptstudy/daikon-src-jdk25/scripts/java-cpp -DLESSTHANFLOAT daikon/inv/binary/twoScalar/IntComparisons.java.jpp 2>&1 > daikon/inv/binary/twoScalar/FloatLessThan.java && chmod a-w daikon/inv/binary/twoScalar/FloatLessThan.java)
(rm -f daikon/inv/binary/twoScalar/IntLessEqual.java; /mmfs1/scratch/mjk76/ea442/promptstudy/daikon-src-jdk25/scripts/java-cpp -DLESSEQUAL daikon/inv/binary/twoScalar/IntComparisons.java.jpp 2>&1 > daikon/inv/binary/twoScalar/IntLessEqual.java && chmod a-w daikon/inv/binary/twoScalar/IntLessEqual.java)
(rm -f daikon/inv/binary/twoScalar/FloatLessEqual.java; /mmfs1/scratch/mjk76/ea442/promptstudy/daikon-src-jdk25/scripts/java-cpp -DLESSEQUALFLOAT daikon/inv/binary/twoScalar/IntComparisons.java.jpp 2>&1 > daikon/inv/binary/twoScalar/FloatLessEqual.java && chmod a-w daikon/inv/binary/twoScalar/FloatLessEqual.java)
(rm -f daikon/inv/binary/twoScalar/IntGreaterThan.java; /mmfs1/scratch/mjk76/ea442/promptstudy/daikon-src-jdk25/scripts/java-cpp -DGREATERTHAN daikon/inv/binary/twoScalar/IntComparisons.java.jpp 2>&1 > daikon/inv/binary/twoScalar/IntGreaterThan.java && chmod a-w daikon/inv/binary/twoScalar/IntGreaterThan.java)
(rm -f daikon/inv/binary/twoScalar/FloatGreaterThan.java; /mmfs1/scratch/mjk76/ea442/promptstudy/daikon-src-jdk25/scripts/java-cpp -DGREATERTHANFLOAT daikon/inv/binary/twoScalar/IntComparisons.java.jpp 2>&1 > daikon/inv/binary/twoScalar/FloatGreaterThan.java && chmod a-w daikon/inv/binary/twoScalar/FloatGreaterThan.java)
(rm -f daikon/inv/binary/twoScalar/IntGreaterEqual.java; /mmfs1/scratch/mjk76/ea442/promptstudy/daikon-src-jdk25/scripts/java-cpp -DGREATEREQUAL daikon/inv/binary/twoScalar/IntComparisons.java.jpp 2>&1 > daikon/inv/binary/twoScalar/IntGreaterEqual.java && chmod a-w daikon/inv/binary/twoScalar/IntGreaterEqual.java)
(rm -f daikon/inv/binary/twoScalar/FloatGreaterEqual.java; /mmfs1/scratch/mjk76/ea442/promptstudy/daikon-src-jdk25/scripts/java-cpp -DGREATEREQUALFLOAT daikon/inv/binary/twoScalar/IntComparisons.java.jpp 2>&1 > daikon/inv/binary/twoScalar/FloatGreaterEqual.java && chmod a-w daikon/inv/binary/twoScalar/FloatGreaterEqual.java)
(rm -f daikon/inv/binary/twoScalar/NumericInt.java; /mmfs1/scratch/mjk76/ea442/promptstudy/daikon-src-jdk25/scripts/java-cpp -DTYPELONG daikon/inv/binary/twoScalar/Numeric.java.jpp 2>&1 > daikon/inv/binary/twoScalar/NumericInt.java && chmod a-w daikon/inv/binary/twoScalar/NumericInt.java)
(rm -f daikon/inv/binary/twoScalar/NumericFloat.java; /mmfs1/scratch/mjk76/ea442/promptstudy/daikon-src-jdk25/scripts/java-cpp -DTYPEDOUBLE daikon/inv/binary/twoScalar/Numeric.java.jpp 2>&1 > daikon/inv/binary/twoScalar/NumericFloat.java && chmod a-w daikon/inv/binary/twoScalar/NumericFloat.java)
(rm -f daikon/inv/binary/twoString/StdString.java; /mmfs1/scratch/mjk76/ea442/promptstudy/daikon-src-jdk25/scripts/java-cpp -DTYPESTRING daikon/inv/binary/twoScalar/Numeric.java.jpp 2>&1 > daikon/inv/binary/twoString/StdString.java && chmod a-w daikon/inv/binary/twoString/StdString.java)
(rm -f daikon/inv/binary/twoScalar/LinearBinaryCore.java; /mmfs1/scratch/mjk76/ea442/promptstudy/daikon-src-jdk25/scripts/java-cpp -DTYPELONG daikon/inv/binary/twoScalar/LinearBinaryCore.java.jpp 2>&1 > daikon/inv/binary/twoScalar/LinearBinaryCore.java && chmod a-w daikon/inv/binary/twoScalar/LinearBinaryCore.java)
(rm -f daikon/inv/binary/twoScalar/LinearBinaryCoreFloat.java; /mmfs1/scratch/mjk76/ea442/promptstudy/daikon-src-jdk25/scripts/java-cpp -DTYPEDOUBLE daikon/inv/binary/twoScalar/LinearBinaryCore.java.jpp 2>&1 > daikon/inv/binary/twoScalar/LinearBinaryCoreFloat.java && chmod a-w daikon/inv/binary/twoScalar/LinearBinaryCoreFloat.java)
(rm -f daikon/inv/binary/twoScalar/LinearBinary.java; /mmfs1/scratch/mjk76/ea442/promptstudy/daikon-src-jdk25/scripts/java-cpp -DTYPELONG daikon/inv/binary/twoScalar/LinearBinary.java.jpp 2>&1 > daikon/inv/binary/twoScalar/LinearBinary.java && chmod a-w daikon/inv/binary/twoScalar/LinearBinary.java)
(rm -f daikon/inv/binary/twoScalar/LinearBinaryFloat.java; /mmfs1/scratch/mjk76/ea442/promptstudy/daikon-src-jdk25/scripts/java-cpp -DTYPEDOUBLE daikon/inv/binary/twoScalar/LinearBinary.java.jpp 2>&1 > daikon/inv/binary/twoScalar/LinearBinaryFloat.java && chmod a-w daikon/inv/binary/twoScalar/LinearBinaryFloat.java)
(rm -f daikon/inv/binary/twoScalar/TwoScalar.java; /mmfs1/scratch/mjk76/ea442/promptstudy/daikon-src-jdk25/scripts/java-cpp -DTYPELONG daikon/inv/binary/BinaryInvariant.java.jpp 2>&1 > daikon/inv/binary/twoScalar/TwoScalar.java && chmod a-w daikon/inv/binary/twoScalar/TwoScalar.java)
(rm -f daikon/inv/binary/twoScalar/TwoFloat.java; /mmfs1/scratch/mjk76/ea442/promptstudy/daikon-src-jdk25/scripts/java-cpp -DTYPEDOUBLE daikon/inv/binary/BinaryInvariant.java.jpp 2>&1 > daikon/inv/binary/twoScalar/TwoFloat.java && chmod a-w daikon/inv/binary/twoScalar/TwoFloat.java)
(rm -f daikon/inv/binary/twoString/TwoString.java; /mmfs1/scratch/mjk76/ea442/promptstudy/daikon-src-jdk25/scripts/java-cpp -DTYPESTRING daikon/inv/binary/BinaryInvariant.java.jpp 2>&1 > daikon/inv/binary/twoString/TwoString.java && chmod a-w daikon/inv/binary/twoString/TwoString.java)
(rm -f daikon/inv/binary/twoString/StringEqual.java; /mmfs1/scratch/mjk76/ea442/promptstudy/daikon-src-jdk25/scripts/java-cpp -DEQUALSTRING daikon/inv/binary/twoScalar/IntComparisons.java.jpp 2>&1 > daikon/inv/binary/twoString/StringEqual.java && chmod a-w daikon/inv/binary/twoString/StringEqual.java)
(rm -f daikon/inv/binary/twoString/StringNonEqual.java; /mmfs1/scratch/mjk76/ea442/promptstudy/daikon-src-jdk25/scripts/java-cpp -DNONEQUALSTRING daikon/inv/binary/twoScalar/IntComparisons.java.jpp 2>&1 > daikon/inv/binary/twoString/StringNonEqual.java && chmod a-w daikon/inv/binary/twoString/StringNonEqual.java)
(rm -f daikon/inv/binary/twoString/StringLessThan.java; /mmfs1/scratch/mjk76/ea442/promptstudy/daikon-src-jdk25/scripts/java-cpp -DLESSTHANSTRING daikon/inv/binary/twoScalar/IntComparisons.java.jpp 2>&1 > daikon/inv/binary/twoString/StringLessThan.java && chmod a-w daikon/inv/binary/twoString/StringLessThan.java)
(rm -f daikon/inv/binary/twoString/StringLessEqual.java; /mmfs1/scratch/mjk76/ea442/promptstudy/daikon-src-jdk25/scripts/java-cpp -DLESSEQUALSTRING daikon/inv/binary/twoScalar/IntComparisons.java.jpp 2>&1 > daikon/inv/binary/twoString/StringLessEqual.java && chmod a-w daikon/inv/binary/twoString/StringLessEqual.java)
(rm -f daikon/inv/binary/twoString/StringGreaterThan.java; /mmfs1/scratch/mjk76/ea442/promptstudy/daikon-src-jdk25/scripts/java-cpp -DGREATERTHANSTRING daikon/inv/binary/twoScalar/IntComparisons.java.jpp 2>&1 > daikon/inv/binary/twoString/StringGreaterThan.java && chmod a-w daikon/inv/binary/twoString/StringGreaterThan.java)
(rm -f daikon/inv/binary/twoString/StringGreaterEqual.java; /mmfs1/scratch/mjk76/ea442/promptstudy/daikon-src-jdk25/scripts/java-cpp -DGREATEREQUALSTRING daikon/inv/binary/twoScalar/IntComparisons.java.jpp 2>&1 > daikon/inv/binary/twoString/StringGreaterEqual.java && chmod a-w daikon/inv/binary/twoString/StringGreaterEqual.java)
(rm -f daikon/inv/binary/twoSequence/SeqSeqIntEqual.java; /mmfs1/scratch/mjk76/ea442/promptstudy/daikon-src-jdk25/scripts/java-cpp -DEQUAL daikon/inv/binary/twoSequence/SeqComparison.java.jpp 2>&1 > daikon/inv/binary/twoSequence/SeqSeqIntEqual.java && chmod a-w daikon/inv/binary/twoSequence/SeqSeqIntEqual.java)
(rm -f daikon/inv/binary/twoSequence/SeqSeqIntLessThan.java; /mmfs1/scratch/mjk76/ea442/promptstudy/daikon-src-jdk25/scripts/java-cpp -DLESSTHAN daikon/inv/binary/twoSequence/SeqComparison.java.jpp 2>&1 > daikon/inv/binary/twoSequence/SeqSeqIntLessThan.java && chmod a-w daikon/inv/binary/twoSequence/SeqSeqIntLessThan.java)
(rm -f daikon/inv/binary/twoSequence/SeqSeqIntGreaterThan.java; /mmfs1/scratch/mjk76/ea442/promptstudy/daikon-src-jdk25/scripts/java-cpp -DGREATERTHAN daikon/inv/binary/twoSequence/SeqComparison.java.jpp 2>&1 > daikon/inv/binary/twoSequence/SeqSeqIntGreaterThan.java && chmod a-w daikon/inv/binary/twoSequence/SeqSeqIntGreaterThan.java)
(rm -f daikon/inv/binary/twoSequence/SeqSeqIntLessEqual.java; /mmfs1/scratch/mjk76/ea442/promptstudy/daikon-src-jdk25/scripts/java-cpp -DLESSEQUAL daikon/inv/binary/twoSequence/SeqComparison.java.jpp 2>&1 > daikon/inv/binary/twoSequence/SeqSeqIntLessEqual.java && chmod a-w daikon/inv/binary/twoSequence/SeqSeqIntLessEqual.java)
(rm -f daikon/inv/binary/twoSequence/SeqSeqIntGreaterEqual.java; /mmfs1/scratch/mjk76/ea442/promptstudy/daikon-src-jdk25/scripts/java-cpp -DGREATEREQUAL daikon/inv/binary/twoSequence/SeqComparison.java.jpp 2>&1 > daikon/inv/binary/twoSequence/SeqSeqIntGreaterEqual.java && chmod a-w daikon/inv/binary/twoSequence/SeqSeqIntGreaterEqual.java)
(rm -f daikon/inv/binary/twoSequence/SeqSeqFloatEqual.java; /mmfs1/scratch/mjk76/ea442/promptstudy/daikon-src-jdk25/scripts/java-cpp -DEQUALFLOAT daikon/inv/binary/twoSequence/SeqComparison.java.jpp 2>&1 > daikon/inv/binary/twoSequence/SeqSeqFloatEqual.java && chmod a-w daikon/inv/binary/twoSequence/SeqSeqFloatEqual.java)
(rm -f daikon/inv/binary/twoSequence/SeqSeqFloatLessThan.java; /mmfs1/scratch/mjk76/ea442/promptstudy/daikon-src-jdk25/scripts/java-cpp -DLESSTHANFLOAT daikon/inv/binary/twoSequence/SeqComparison.java.jpp 2>&1 > daikon/inv/binary/twoSequence/SeqSeqFloatLessThan.java && chmod a-w daikon/inv/binary/twoSequence/SeqSeqFloatLessThan.java)
(rm -f daikon/inv/binary/twoSequence/SeqSeqFloatGreaterThan.java; /mmfs1/scratch/mjk76/ea442/promptstudy/daikon-src-jdk25/scripts/java-cpp -DGREATERTHANFLOAT daikon/inv/binary/twoSequence/SeqComparison.java.jpp 2>&1 > daikon/inv/binary/twoSequence/SeqSeqFloatGreaterThan.java && chmod a-w daikon/inv/binary/twoSequence/SeqSeqFloatGreaterThan.java)
(rm -f daikon/inv/binary/twoSequence/SeqSeqFloatLessEqual.java; /mmfs1/scratch/mjk76/ea442/promptstudy/daikon-src-jdk25/scripts/java-cpp -DLESSEQUALFLOAT daikon/inv/binary/twoSequence/SeqComparison.java.jpp 2>&1 > daikon/inv/binary/twoSequence/SeqSeqFloatLessEqual.java && chmod a-w daikon/inv/binary/twoSequence/SeqSeqFloatLessEqual.java)
(rm -f daikon/inv/binary/twoSequence/SeqSeqFloatGreaterEqual.java; /mmfs1/scratch/mjk76/ea442/promptstudy/daikon-src-jdk25/scripts/java-cpp -DGREATEREQUALFLOAT daikon/inv/binary/twoSequence/SeqComparison.java.jpp 2>&1 > daikon/inv/binary/twoSequence/SeqSeqFloatGreaterEqual.java && chmod a-w daikon/inv/binary/twoSequence/SeqSeqFloatGreaterEqual.java)
(rm -f daikon/inv/binary/twoSequence/SeqSeqStringEqual.java; /mmfs1/scratch/mjk76/ea442/promptstudy/daikon-src-jdk25/scripts/java-cpp -DEQUALSTRING daikon/inv/binary/twoSequence/SeqComparison.java.jpp 2>&1 > daikon/inv/binary/twoSequence/SeqSeqStringEqual.java && chmod a-w daikon/inv/binary/twoSequence/SeqSeqStringEqual.java)
(rm -f daikon/inv/binary/twoSequence/SeqSeqStringLessThan.java; /mmfs1/scratch/mjk76/ea442/promptstudy/daikon-src-jdk25/scripts/java-cpp -DLESSTHANSTRING daikon/inv/binary/twoSequence/SeqComparison.java.jpp 2>&1 > daikon/inv/binary/twoSequence/SeqSeqStringLessThan.java && chmod a-w daikon/inv/binary/twoSequence/SeqSeqStringLessThan.java)
(rm -f daikon/inv/binary/twoSequence/SeqSeqStringGreaterThan.java; /mmfs1/scratch/mjk76/ea442/promptstudy/daikon-src-jdk25/scripts/java-cpp -DGREATERTHANSTRING daikon/inv/binary/twoSequence/SeqComparison.java.jpp 2>&1 > daikon/inv/binary/twoSequence/SeqSeqStringGreaterThan.java && chmod a-w daikon/inv/binary/twoSequence/SeqSeqStringGreaterThan.java)
(rm -f daikon/inv/binary/twoSequence/SeqSeqStringLessEqual.java; /mmfs1/scratch/mjk76/ea442/promptstudy/daikon-src-jdk25/scripts/java-cpp -DLESSEQUALSTRING daikon/inv/binary/twoSequence/SeqComparison.java.jpp 2>&1 > daikon/inv/binary/twoSequence/SeqSeqStringLessEqual.java && chmod a-w daikon/inv/binary/twoSequence/SeqSeqStringLessEqual.java)
(rm -f daikon/inv/binary/twoSequence/SeqSeqStringGreaterEqual.java; /mmfs1/scratch/mjk76/ea442/promptstudy/daikon-src-jdk25/scripts/java-cpp -DGREATEREQUALSTRING daikon/inv/binary/twoSequence/SeqComparison.java.jpp 2>&1 > daikon/inv/binary/twoSequence/SeqSeqStringGreaterEqual.java && chmod a-w daikon/inv/binary/twoSequence/SeqSeqStringGreaterEqual.java)
(rm -f daikon/inv/binary/twoSequence/Reverse.java; /mmfs1/scratch/mjk76/ea442/promptstudy/daikon-src-jdk25/scripts/java-cpp -DTYPELONG daikon/inv/binary/twoSequence/Reverse.java.jpp 2>&1 > daikon/inv/binary/twoSequence/Reverse.java && chmod a-w daikon/inv/binary/twoSequence/Reverse.java)
(rm -f daikon/inv/binary/twoSequence/ReverseFloat.java; /mmfs1/scratch/mjk76/ea442/promptstudy/daikon-src-jdk25/scripts/java-cpp -DTYPEDOUBLE daikon/inv/binary/twoSequence/Reverse.java.jpp 2>&1 > daikon/inv/binary/twoSequence/ReverseFloat.java && chmod a-w daikon/inv/binary/twoSequence/ReverseFloat.java)
(rm -f daikon/inv/binary/twoSequence/SubSequence.java; /mmfs1/scratch/mjk76/ea442/promptstudy/daikon-src-jdk25/scripts/java-cpp -DSUBLONG daikon/inv/binary/twoSequence/SubSequence.java.jpp 2>&1 > daikon/inv/binary/twoSequence/SubSequence.java && chmod a-w daikon/inv/binary/twoSequence/SubSequence.java)
(rm -f daikon/inv/binary/twoSequence/SubSequenceFloat.java; /mmfs1/scratch/mjk76/ea442/promptstudy/daikon-src-jdk25/scripts/java-cpp -DSUBDOUBLE daikon/inv/binary/twoSequence/SubSequence.java.jpp 2>&1 > daikon/inv/binary/twoSequence/SubSequenceFloat.java && chmod a-w daikon/inv/binary/twoSequence/SubSequenceFloat.java)
(rm -f daikon/inv/binary/twoSequence/SuperSequence.java; /mmfs1/scratch/mjk76/ea442/promptstudy/daikon-src-jdk25/scripts/java-cpp -DSUPERLONG daikon/inv/binary/twoSequence/SubSequence.java.jpp 2>&1 > daikon/inv/binary/twoSequence/SuperSequence.java && chmod a-w daikon/inv/binary/twoSequence/SuperSequence.java)
(rm -f daikon/inv/binary/twoSequence/SuperSequenceFloat.java; /mmfs1/scratch/mjk76/ea442/promptstudy/daikon-src-jdk25/scripts/java-cpp -DSUPERDOUBLE daikon/inv/binary/twoSequence/SubSequence.java.jpp 2>&1 > daikon/inv/binary/twoSequence/SuperSequenceFloat.java && chmod a-w daikon/inv/binary/twoSequence/SuperSequenceFloat.java)
(rm -f daikon/inv/binary/twoSequence/SubSet.java; /mmfs1/scratch/mjk76/ea442/promptstudy/daikon-src-jdk25/scripts/java-cpp -DSUB daikon/inv/binary/twoSequence/SubSet.java.jpp 2>&1 > daikon/inv/binary/twoSequence/SubSet.java && chmod a-w daikon/inv/binary/twoSequence/SubSet.java)
(rm -f daikon/inv/binary/twoSequence/SubSetFloat.java; /mmfs1/scratch/mjk76/ea442/promptstudy/daikon-src-jdk25/scripts/java-cpp -DSUBFLOAT daikon/inv/binary/twoSequence/SubSet.java.jpp 2>&1 > daikon/inv/binary/twoSequence/SubSetFloat.java && chmod a-w daikon/inv/binary/twoSequence/SubSetFloat.java)
(rm -f daikon/inv/binary/twoSequence/SuperSet.java; /mmfs1/scratch/mjk76/ea442/promptstudy/daikon-src-jdk25/scripts/java-cpp -DSUP daikon/inv/binary/twoSequence/SubSet.java.jpp 2>&1 > daikon/inv/binary/twoSequence/SuperSet.java && chmod a-w daikon/inv/binary/twoSequence/SuperSet.java)
(rm -f daikon/inv/binary/twoSequence/SuperSetFloat.java; /mmfs1/scratch/mjk76/ea442/promptstudy/daikon-src-jdk25/scripts/java-cpp -DSUPFLOAT daikon/inv/binary/twoSequence/SubSet.java.jpp 2>&1 > daikon/inv/binary/twoSequence/SuperSetFloat.java && chmod a-w daikon/inv/binary/twoSequence/SuperSetFloat.java)
(rm -f daikon/inv/binary/twoSequence/PairwiseIntEqual.java; /mmfs1/scratch/mjk76/ea442/promptstudy/daikon-src-jdk25/scripts/java-cpp -DEQUAL daikon/inv/binary/twoSequence/PairwiseIntComparison.java.jpp 2>&1 > daikon/inv/binary/twoSequence/PairwiseIntEqual.java && chmod a-w daikon/inv/binary/twoSequence/PairwiseIntEqual.java)
(rm -f daikon/inv/binary/twoSequence/PairwiseIntLessThan.java; /mmfs1/scratch/mjk76/ea442/promptstudy/daikon-src-jdk25/scripts/java-cpp -DLESSTHAN daikon/inv/binary/twoSequence/PairwiseIntComparison.java.jpp 2>&1 > daikon/inv/binary/twoSequence/PairwiseIntLessThan.java && chmod a-w daikon/inv/binary/twoSequence/PairwiseIntLessThan.java)
(rm -f daikon/inv/binary/twoSequence/PairwiseIntGreaterThan.java; /mmfs1/scratch/mjk76/ea442/promptstudy/daikon-src-jdk25/scripts/java-cpp -DGREATERTHAN daikon/inv/binary/twoSequence/PairwiseIntComparison.java.jpp 2>&1 > daikon/inv/binary/twoSequence/PairwiseIntGreaterThan.java && chmod a-w daikon/inv/binary/twoSequence/PairwiseIntGreaterThan.java)
(rm -f daikon/inv/binary/twoSequence/PairwiseIntLessEqual.java; /mmfs1/scratch/mjk76/ea442/promptstudy/daikon-src-jdk25/scripts/java-cpp -DLESSEQUAL daikon/inv/binary/twoSequence/PairwiseIntComparison.java.jpp 2>&1 > daikon/inv/binary/twoSequence/PairwiseIntLessEqual.java && chmod a-w daikon/inv/binary/twoSequence/PairwiseIntLessEqual.java)
(rm -f daikon/inv/binary/twoSequence/PairwiseIntGreaterEqual.java; /mmfs1/scratch/mjk76/ea442/promptstudy/daikon-src-jdk25/scripts/java-cpp -DGREATEREQUAL daikon/inv/binary/twoSequence/PairwiseIntComparison.java.jpp 2>&1 > daikon/inv/binary/twoSequence/PairwiseIntGreaterEqual.java && chmod a-w daikon/inv/binary/twoSequence/PairwiseIntGreaterEqual.java)
(rm -f daikon/inv/binary/twoSequence/PairwiseFloatEqual.java; /mmfs1/scratch/mjk76/ea442/promptstudy/daikon-src-jdk25/scripts/java-cpp -DEQUALFLOAT daikon/inv/binary/twoSequence/PairwiseIntComparison.java.jpp 2>&1 > daikon/inv/binary/twoSequence/PairwiseFloatEqual.java && chmod a-w daikon/inv/binary/twoSequence/PairwiseFloatEqual.java)
(rm -f daikon/inv/binary/twoSequence/PairwiseFloatLessThan.java; /mmfs1/scratch/mjk76/ea442/promptstudy/daikon-src-jdk25/scripts/java-cpp -DLESSTHANFLOAT daikon/inv/binary/twoSequence/PairwiseIntComparison.java.jpp 2>&1 > daikon/inv/binary/twoSequence/PairwiseFloatLessThan.java && chmod a-w daikon/inv/binary/twoSequence/PairwiseFloatLessThan.java)
(rm -f daikon/inv/binary/twoSequence/PairwiseFloatGreaterThan.java; /mmfs1/scratch/mjk76/ea442/promptstudy/daikon-src-jdk25/scripts/java-cpp -DGREATERTHANFLOAT daikon/inv/binary/twoSequence/PairwiseIntComparison.java.jpp 2>&1 > daikon/inv/binary/twoSequence/PairwiseFloatGreaterThan.java && chmod a-w daikon/inv/binary/twoSequence/PairwiseFloatGreaterThan.java)
(rm -f daikon/inv/binary/twoSequence/PairwiseFloatLessEqual.java; /mmfs1/scratch/mjk76/ea442/promptstudy/daikon-src-jdk25/scripts/java-cpp -DLESSEQUALFLOAT daikon/inv/binary/twoSequence/PairwiseIntComparison.java.jpp 2>&1 > daikon/inv/binary/twoSequence/PairwiseFloatLessEqual.java && chmod a-w daikon/inv/binary/twoSequence/PairwiseFloatLessEqual.java)
(rm -f daikon/inv/binary/twoSequence/PairwiseFloatGreaterEqual.java; /mmfs1/scratch/mjk76/ea442/promptstudy/daikon-src-jdk25/scripts/java-cpp -DGREATEREQUALFLOAT daikon/inv/binary/twoSequence/PairwiseIntComparison.java.jpp 2>&1 > daikon/inv/binary/twoSequence/PairwiseFloatGreaterEqual.java && chmod a-w daikon/inv/binary/twoSequence/PairwiseFloatGreaterEqual.java)
(rm -f daikon/inv/binary/twoSequence/PairwiseLinearBinary.java; /mmfs1/scratch/mjk76/ea442/promptstudy/daikon-src-jdk25/scripts/java-cpp -DTYPELONG daikon/inv/binary/twoSequence/PairwiseLinearBinary.java.jpp 2>&1 > daikon/inv/binary/twoSequence/PairwiseLinearBinary.java && chmod a-w daikon/inv/binary/twoSequence/PairwiseLinearBinary.java)
(rm -f daikon/inv/binary/twoSequence/PairwiseLinearBinaryFloat.java; /mmfs1/scratch/mjk76/ea442/promptstudy/daikon-src-jdk25/scripts/java-cpp -DTYPEDOUBLE daikon/inv/binary/twoSequence/PairwiseLinearBinary.java.jpp 2>&1 > daikon/inv/binary/twoSequence/PairwiseLinearBinaryFloat.java && chmod a-w daikon/inv/binary/twoSequence/PairwiseLinearBinaryFloat.java)
(rm -f daikon/inv/binary/twoSequence/PairwiseStringEqual.java; /mmfs1/scratch/mjk76/ea442/promptstudy/daikon-src-jdk25/scripts/java-cpp -DEQUALSTRING daikon/inv/binary/twoSequence/PairwiseIntComparison.java.jpp 2>&1 > daikon/inv/binary/twoSequence/PairwiseStringEqual.java && chmod a-w daikon/inv/binary/twoSequence/PairwiseStringEqual.java)
(rm -f daikon/inv/binary/twoSequence/PairwiseStringLessThan.java; /mmfs1/scratch/mjk76/ea442/promptstudy/daikon-src-jdk25/scripts/java-cpp -DLESSTHANSTRING daikon/inv/binary/twoSequence/PairwiseIntComparison.java.jpp 2>&1 > daikon/inv/binary/twoSequence/PairwiseStringLessThan.java && chmod a-w daikon/inv/binary/twoSequence/PairwiseStringLessThan.java)
(rm -f daikon/inv/binary/twoSequence/PairwiseStringGreaterThan.java; /mmfs1/scratch/mjk76/ea442/promptstudy/daikon-src-jdk25/scripts/java-cpp -DGREATERTHANSTRING daikon/inv/binary/twoSequence/PairwiseIntComparison.java.jpp 2>&1 > daikon/inv/binary/twoSequence/PairwiseStringGreaterThan.java && chmod a-w daikon/inv/binary/twoSequence/PairwiseStringGreaterThan.java)
(rm -f daikon/inv/binary/twoSequence/PairwiseStringLessEqual.java; /mmfs1/scratch/mjk76/ea442/promptstudy/daikon-src-jdk25/scripts/java-cpp -DLESSEQUALSTRING daikon/inv/binary/twoSequence/PairwiseIntComparison.java.jpp 2>&1 > daikon/inv/binary/twoSequence/PairwiseStringLessEqual.java && chmod a-w daikon/inv/binary/twoSequence/PairwiseStringLessEqual.java)
(rm -f daikon/inv/binary/twoSequence/PairwiseStringGreaterEqual.java; /mmfs1/scratch/mjk76/ea442/promptstudy/daikon-src-jdk25/scripts/java-cpp -DGREATEREQUALSTRING daikon/inv/binary/twoSequence/PairwiseIntComparison.java.jpp 2>&1 > daikon/inv/binary/twoSequence/PairwiseStringGreaterEqual.java && chmod a-w daikon/inv/binary/twoSequence/PairwiseStringGreaterEqual.java)
(rm -f daikon/inv/binary/twoSequence/PairwiseNumericInt.java; /mmfs1/scratch/mjk76/ea442/promptstudy/daikon-src-jdk25/scripts/java-cpp -DTYPELONGSEQ daikon/inv/binary/twoScalar/Numeric.java.jpp 2>&1 > daikon/inv/binary/twoSequence/PairwiseNumericInt.java && chmod a-w daikon/inv/binary/twoSequence/PairwiseNumericInt.java)
(rm -f daikon/inv/binary/twoSequence/PairwiseNumericFloat.java; /mmfs1/scratch/mjk76/ea442/promptstudy/daikon-src-jdk25/scripts/java-cpp -DTYPEDOUBLESEQ daikon/inv/binary/twoScalar/Numeric.java.jpp 2>&1 > daikon/inv/binary/twoSequence/PairwiseNumericFloat.java && chmod a-w daikon/inv/binary/twoSequence/PairwiseNumericFloat.java)
(rm -f daikon/inv/binary/twoSequence/PairwiseString.java; /mmfs1/scratch/mjk76/ea442/promptstudy/daikon-src-jdk25/scripts/java-cpp -DTYPESTRINGSEQ daikon/inv/binary/twoScalar/Numeric.java.jpp 2>&1 > daikon/inv/binary/twoSequence/PairwiseString.java && chmod a-w daikon/inv/binary/twoSequence/PairwiseString.java)
(rm -f daikon/inv/binary/twoSequence/TwoSequence.java; /mmfs1/scratch/mjk76/ea442/promptstudy/daikon-src-jdk25/scripts/java-cpp -DTYPELONGSEQ daikon/inv/binary/BinaryInvariant.java.jpp 2>&1 > daikon/inv/binary/twoSequence/TwoSequence.java && chmod a-w daikon/inv/binary/twoSequence/TwoSequence.java)
(rm -f daikon/inv/binary/twoSequence/TwoSequenceFloat.java; /mmfs1/scratch/mjk76/ea442/promptstudy/daikon-src-jdk25/scripts/java-cpp -DTYPEDOUBLESEQ daikon/inv/binary/BinaryInvariant.java.jpp 2>&1 > daikon/inv/binary/twoSequence/TwoSequenceFloat.java && chmod a-w daikon/inv/binary/twoSequence/TwoSequenceFloat.java)
(rm -f daikon/inv/binary/twoSequence/TwoSequenceString.java; /mmfs1/scratch/mjk76/ea442/promptstudy/daikon-src-jdk25/scripts/java-cpp -DTYPESTRINGSEQ daikon/inv/binary/BinaryInvariant.java.jpp 2>&1 > daikon/inv/binary/twoSequence/TwoSequenceString.java && chmod a-w daikon/inv/binary/twoSequence/TwoSequenceString.java)
(rm -f daikon/derive/ternary/SequenceScalarArbitrarySubsequence.java; /mmfs1/scratch/mjk76/ea442/promptstudy/daikon-src-jdk25/scripts/java-cpp -DSCALAR daikon/derive/ternary/SequenceArbitrarySubsequence.java.jpp 2>&1 > daikon/derive/ternary/SequenceScalarArbitrarySubsequence.java && chmod a-w daikon/derive/ternary/SequenceScalarArbitrarySubsequence.java)
(rm -f daikon/derive/ternary/SequenceFloatArbitrarySubsequence.java; /mmfs1/scratch/mjk76/ea442/promptstudy/daikon-src-jdk25/scripts/java-cpp -DFLOAT daikon/derive/ternary/SequenceArbitrarySubsequence.java.jpp 2>&1 > daikon/derive/ternary/SequenceFloatArbitrarySubsequence.java && chmod a-w daikon/derive/ternary/SequenceFloatArbitrarySubsequence.java)
(rm -f daikon/derive/ternary/SequenceStringArbitrarySubsequence.java; /mmfs1/scratch/mjk76/ea442/promptstudy/daikon-src-jdk25/scripts/java-cpp -DSTRING daikon/derive/ternary/SequenceArbitrarySubsequence.java.jpp 2>&1 > daikon/derive/ternary/SequenceStringArbitrarySubsequence.java && chmod a-w daikon/derive/ternary/SequenceStringArbitrarySubsequence.java)
(rm -f daikon/derive/ternary/SequenceScalarArbitrarySubsequenceFactory.java; /mmfs1/scratch/mjk76/ea442/promptstudy/daikon-src-jdk25/scripts/java-cpp -DSCALAR daikon/derive/ternary/SequenceArbitrarySubsequenceFactory.java.jpp 2>&1 > daikon/derive/ternary/SequenceScalarArbitrarySubsequenceFactory.java && chmod a-w daikon/derive/ternary/SequenceScalarArbitrarySubsequenceFactory.java)
(rm -f daikon/derive/ternary/SequenceFloatArbitrarySubsequenceFactory.java; /mmfs1/scratch/mjk76/ea442/promptstudy/daikon-src-jdk25/scripts/java-cpp -DFLOAT daikon/derive/ternary/SequenceArbitrarySubsequenceFactory.java.jpp 2>&1 > daikon/derive/ternary/SequenceFloatArbitrarySubsequenceFactory.java && chmod a-w daikon/derive/ternary/SequenceFloatArbitrarySubsequenceFactory.java)
(rm -f daikon/derive/ternary/SequenceStringArbitrarySubsequenceFactory.java; /mmfs1/scratch/mjk76/ea442/promptstudy/daikon-src-jdk25/scripts/java-cpp -DSTRING daikon/derive/ternary/SequenceArbitrarySubsequenceFactory.java.jpp 2>&1 > daikon/derive/ternary/SequenceStringArbitrarySubsequenceFactory.java && chmod a-w daikon/derive/ternary/SequenceStringArbitrarySubsequenceFactory.java)
(rm -f daikon/derive/binary/SequenceScalarSubscript.java; /mmfs1/scratch/mjk76/ea442/promptstudy/daikon-src-jdk25/scripts/java-cpp -DSCALAR daikon/derive/binary/SequenceSubscript.java.jpp 2>&1 > daikon/derive/binary/SequenceScalarSubscript.java && chmod a-w daikon/derive/binary/SequenceScalarSubscript.java)
(rm -f daikon/derive/binary/SequenceFloatSubscript.java; /mmfs1/scratch/mjk76/ea442/promptstudy/daikon-src-jdk25/scripts/java-cpp -DFLOAT daikon/derive/binary/SequenceSubscript.java.jpp 2>&1 > daikon/derive/binary/SequenceFloatSubscript.java && chmod a-w daikon/derive/binary/SequenceFloatSubscript.java)
(rm -f daikon/derive/binary/SequenceStringSubscript.java; /mmfs1/scratch/mjk76/ea442/promptstudy/daikon-src-jdk25/scripts/java-cpp -DSTRING daikon/derive/binary/SequenceSubscript.java.jpp 2>&1 > daikon/derive/binary/SequenceStringSubscript.java && chmod a-w daikon/derive/binary/SequenceStringSubscript.java)
(rm -f daikon/derive/binary/SequenceScalarSubsequence.java; /mmfs1/scratch/mjk76/ea442/promptstudy/daikon-src-jdk25/scripts/java-cpp -DSCALAR daikon/derive/binary/SequenceSubsequence.java.jpp 2>&1 > daikon/derive/binary/SequenceScalarSubsequence.java && chmod a-w daikon/derive/binary/SequenceScalarSubsequence.java)
(rm -f daikon/derive/binary/SequenceFloatSubsequence.java; /mmfs1/scratch/mjk76/ea442/promptstudy/daikon-src-jdk25/scripts/java-cpp -DFLOAT daikon/derive/binary/SequenceSubsequence.java.jpp 2>&1 > daikon/derive/binary/SequenceFloatSubsequence.java && chmod a-w daikon/derive/binary/SequenceFloatSubsequence.java)
(rm -f daikon/derive/binary/SequenceStringSubsequence.java; /mmfs1/scratch/mjk76/ea442/promptstudy/daikon-src-jdk25/scripts/java-cpp -DSTRING daikon/derive/binary/SequenceSubsequence.java.jpp 2>&1 > daikon/derive/binary/SequenceStringSubsequence.java && chmod a-w daikon/derive/binary/SequenceStringSubsequence.java)
(rm -f daikon/derive/binary/SequenceScalarSubscriptFactory.java; /mmfs1/scratch/mjk76/ea442/promptstudy/daikon-src-jdk25/scripts/java-cpp -DSCALAR daikon/derive/binary/SequenceSubscriptFactory.java.jpp 2>&1 > daikon/derive/binary/SequenceScalarSubscriptFactory.java && chmod a-w daikon/derive/binary/SequenceScalarSubscriptFactory.java)
(rm -f daikon/derive/binary/SequenceFloatSubscriptFactory.java; /mmfs1/scratch/mjk76/ea442/promptstudy/daikon-src-jdk25/scripts/java-cpp -DFLOAT daikon/derive/binary/SequenceSubscriptFactory.java.jpp 2>&1 > daikon/derive/binary/SequenceFloatSubscriptFactory.java && chmod a-w daikon/derive/binary/SequenceFloatSubscriptFactory.java)
(rm -f daikon/derive/binary/SequenceStringSubscriptFactory.java; /mmfs1/scratch/mjk76/ea442/promptstudy/daikon-src-jdk25/scripts/java-cpp -DSTRING daikon/derive/binary/SequenceSubscriptFactory.java.jpp 2>&1 > daikon/derive/binary/SequenceStringSubscriptFactory.java && chmod a-w daikon/derive/binary/SequenceStringSubscriptFactory.java)
(rm -f daikon/derive/binary/SequenceScalarIntersection.java; /mmfs1/scratch/mjk76/ea442/promptstudy/daikon-src-jdk25/scripts/java-cpp -DSCALAR daikon/derive/binary/SequencesIntersection.java.jpp 2>&1 > daikon/derive/binary/SequenceScalarIntersection.java && chmod a-w daikon/derive/binary/SequenceScalarIntersection.java)
(rm -f daikon/derive/binary/SequenceFloatIntersection.java; /mmfs1/scratch/mjk76/ea442/promptstudy/daikon-src-jdk25/scripts/java-cpp -DFLOAT daikon/derive/binary/SequencesIntersection.java.jpp 2>&1 > daikon/derive/binary/SequenceFloatIntersection.java && chmod a-w daikon/derive/binary/SequenceFloatIntersection.java)
(rm -f daikon/derive/binary/SequenceStringIntersection.java; /mmfs1/scratch/mjk76/ea442/promptstudy/daikon-src-jdk25/scripts/java-cpp -DSTRING daikon/derive/binary/SequencesIntersection.java.jpp 2>&1 > daikon/derive/binary/SequenceStringIntersection.java && chmod a-w daikon/derive/binary/SequenceStringIntersection.java)
(rm -f daikon/derive/binary/SequenceScalarIntersectionFactory.java; /mmfs1/scratch/mjk76/ea442/promptstudy/daikon-src-jdk25/scripts/java-cpp -DSCALAR daikon/derive/binary/SequencesIntersectionFactory.java.jpp 2>&1 > daikon/derive/binary/SequenceScalarIntersectionFactory.java && chmod a-w daikon/derive/binary/SequenceScalarIntersectionFactory.java)
(rm -f daikon/derive/binary/SequenceFloatIntersectionFactory.java; /mmfs1/scratch/mjk76/ea442/promptstudy/daikon-src-jdk25/scripts/java-cpp -DFLOAT daikon/derive/binary/SequencesIntersectionFactory.java.jpp 2>&1 > daikon/derive/binary/SequenceFloatIntersectionFactory.java && chmod a-w daikon/derive/binary/SequenceFloatIntersectionFactory.java)
(rm -f daikon/derive/binary/SequenceStringIntersectionFactory.java; /mmfs1/scratch/mjk76/ea442/promptstudy/daikon-src-jdk25/scripts/java-cpp -DSTRING daikon/derive/binary/SequencesIntersectionFactory.java.jpp 2>&1 > daikon/derive/binary/SequenceStringIntersectionFactory.java && chmod a-w daikon/derive/binary/SequenceStringIntersectionFactory.java)
(rm -f daikon/derive/binary/SequenceScalarUnion.java; /mmfs1/scratch/mjk76/ea442/promptstudy/daikon-src-jdk25/scripts/java-cpp -DSCALAR daikon/derive/binary/SequencesUnion.java.jpp 2>&1 > daikon/derive/binary/SequenceScalarUnion.java && chmod a-w daikon/derive/binary/SequenceScalarUnion.java)
(rm -f daikon/derive/binary/SequenceFloatUnion.java; /mmfs1/scratch/mjk76/ea442/promptstudy/daikon-src-jdk25/scripts/java-cpp -DFLOAT daikon/derive/binary/SequencesUnion.java.jpp 2>&1 > daikon/derive/binary/SequenceFloatUnion.java && chmod a-w daikon/derive/binary/SequenceFloatUnion.java)
(rm -f daikon/derive/binary/SequenceStringUnion.java; /mmfs1/scratch/mjk76/ea442/promptstudy/daikon-src-jdk25/scripts/java-cpp -DSTRING daikon/derive/binary/SequencesUnion.java.jpp 2>&1 > daikon/derive/binary/SequenceStringUnion.java && chmod a-w daikon/derive/binary/SequenceStringUnion.java)
(rm -f daikon/derive/binary/SequenceScalarUnionFactory.java; /mmfs1/scratch/mjk76/ea442/promptstudy/daikon-src-jdk25/scripts/java-cpp -DSCALAR daikon/derive/binary/SequencesUnionFactory.java.jpp 2>&1 > daikon/derive/binary/SequenceScalarUnionFactory.java && chmod a-w daikon/derive/binary/SequenceScalarUnionFactory.java)
(rm -f daikon/derive/binary/SequenceFloatUnionFactory.java; /mmfs1/scratch/mjk76/ea442/promptstudy/daikon-src-jdk25/scripts/java-cpp -DFLOAT daikon/derive/binary/SequencesUnionFactory.java.jpp 2>&1 > daikon/derive/binary/SequenceFloatUnionFactory.java && chmod a-w daikon/derive/binary/SequenceFloatUnionFactory.java)
(rm -f daikon/derive/binary/SequenceStringUnionFactory.java; /mmfs1/scratch/mjk76/ea442/promptstudy/daikon-src-jdk25/scripts/java-cpp -DSTRING daikon/derive/binary/SequencesUnionFactory.java.jpp 2>&1 > daikon/derive/binary/SequenceStringUnionFactory.java && chmod a-w daikon/derive/binary/SequenceStringUnionFactory.java)
(rm -f daikon/derive/binary/SequencesPredicate.java; /mmfs1/scratch/mjk76/ea442/promptstudy/daikon-src-jdk25/scripts/java-cpp -DTYPELONG daikon/derive/binary/SequencesPredicate.java.jpp 2>&1 > daikon/derive/binary/SequencesPredicate.java && chmod a-w daikon/derive/binary/SequencesPredicate.java)
(rm -f daikon/derive/binary/SequencesPredicateFloat.java; /mmfs1/scratch/mjk76/ea442/promptstudy/daikon-src-jdk25/scripts/java-cpp -DTYPEDOUBLE daikon/derive/binary/SequencesPredicate.java.jpp 2>&1 > daikon/derive/binary/SequencesPredicateFloat.java && chmod a-w daikon/derive/binary/SequencesPredicateFloat.java)
(rm -f daikon/derive/binary/SequencesPredicateFactory.java; /mmfs1/scratch/mjk76/ea442/promptstudy/daikon-src-jdk25/scripts/java-cpp -DTYPELONG daikon/derive/binary/SequencesPredicateFactory.java.jpp 2>&1 > daikon/derive/binary/SequencesPredicateFactory.java && chmod a-w daikon/derive/binary/SequencesPredicateFactory.java)
(rm -f daikon/derive/binary/SequencesPredicateFactoryFloat.java; /mmfs1/scratch/mjk76/ea442/promptstudy/daikon-src-jdk25/scripts/java-cpp -DTYPEDOUBLE daikon/derive/binary/SequencesPredicateFactory.java.jpp 2>&1 > daikon/derive/binary/SequencesPredicateFactoryFloat.java && chmod a-w daikon/derive/binary/SequencesPredicateFactoryFloat.java)
(rm -f daikon/derive/binary/SequencesJoin.java; /mmfs1/scratch/mjk76/ea442/promptstudy/daikon-src-jdk25/scripts/java-cpp -DTYPELONG daikon/derive/binary/SequencesJoin.java.jpp 2>&1 > daikon/derive/binary/SequencesJoin.java && chmod a-w daikon/derive/binary/SequencesJoin.java)
(rm -f daikon/derive/binary/SequencesJoinFloat.java; /mmfs1/scratch/mjk76/ea442/promptstudy/daikon-src-jdk25/scripts/java-cpp -DTYPEDOUBLE daikon/derive/binary/SequencesJoin.java.jpp 2>&1 > daikon/derive/binary/SequencesJoinFloat.java && chmod a-w daikon/derive/binary/SequencesJoinFloat.java)
(rm -f daikon/derive/binary/SequencesJoinFactory.java; /mmfs1/scratch/mjk76/ea442/promptstudy/daikon-src-jdk25/scripts/java-cpp -DTYPELONG daikon/derive/binary/SequencesJoinFactory.java.jpp 2>&1 > daikon/derive/binary/SequencesJoinFactory.java && chmod a-w daikon/derive/binary/SequencesJoinFactory.java)
(rm -f daikon/derive/binary/SequencesJoinFactoryFloat.java; /mmfs1/scratch/mjk76/ea442/promptstudy/daikon-src-jdk25/scripts/java-cpp -DTYPEDOUBLE daikon/derive/binary/SequencesJoinFactory.java.jpp 2>&1 > daikon/derive/binary/SequencesJoinFactoryFloat.java && chmod a-w daikon/derive/binary/SequencesJoinFactoryFloat.java)
(rm -f daikon/derive/unary/SequenceInitial.java; /mmfs1/scratch/mjk76/ea442/promptstudy/daikon-src-jdk25/scripts/java-cpp -DTYPELONG daikon/derive/unary/SequenceInitial.java.jpp 2>&1 > daikon/derive/unary/SequenceInitial.java && chmod a-w daikon/derive/unary/SequenceInitial.java)
(rm -f daikon/derive/unary/SequenceInitialFloat.java; /mmfs1/scratch/mjk76/ea442/promptstudy/daikon-src-jdk25/scripts/java-cpp -DTYPEDOUBLE daikon/derive/unary/SequenceInitial.java.jpp 2>&1 > daikon/derive/unary/SequenceInitialFloat.java && chmod a-w daikon/derive/unary/SequenceInitialFloat.java)
(rm -f daikon/derive/unary/SequenceInitialFactory.java; /mmfs1/scratch/mjk76/ea442/promptstudy/daikon-src-jdk25/scripts/java-cpp -DTYPELONG daikon/derive/unary/SequenceInitialFactory.java.jpp 2>&1 > daikon/derive/unary/SequenceInitialFactory.java && chmod a-w daikon/derive/unary/SequenceInitialFactory.java)
(rm -f daikon/derive/unary/SequenceInitialFactoryFloat.java; /mmfs1/scratch/mjk76/ea442/promptstudy/daikon-src-jdk25/scripts/java-cpp -DTYPEDOUBLE daikon/derive/unary/SequenceInitialFactory.java.jpp 2>&1 > daikon/derive/unary/SequenceInitialFactoryFloat.java && chmod a-w daikon/derive/unary/SequenceInitialFactoryFloat.java)
echo ${JAVA_FILES} > java_files.txt
javac -cp /mmfs1/scratch/mjk76/ea442/promptstudy/daikon-src-jdk25/java/lib/*:/mmfs1/scratch/mjk76/ea442/promptstudy/daikon-src-jdk25/java -Xlint -J-Xmx7g -g -XDignore.symbol.file -Xmaxerrs 100000 -Xmaxwarns 100000 -Werror -Xlint:-path -Xlint:-options -Xlint:-classfile -Xlint:-this-escape  --source 25 --target 25 --system /scratch/mjk76/ea442/promptstudy/jdk25 @java_files.txt
rm -f java_files.txt
touch daikon/Daikon.class
make rename-dcruntime daikon/test/split/SplitterFactoryTest.class
make[2]: Entering directory '/mmfs1/scratch/mjk76/ea442/promptstudy/daikon-src-jdk25/java'
sed -es/jaxa/java/g -i -b /mmfs1/scratch/mjk76/ea442/promptstudy/daikon-src-jdk25/java/daikon/dcomp-transfer/DCRuntime.class
rm -f daikon/test/split/SplitterFactoryTest.java
(java -ea -cp /mmfs1/scratch/mjk76/ea442/promptstudy/daikon-src-jdk25/java/lib/*:/mmfs1/scratch/mjk76/ea442/promptstudy/daikon-src-jdk25/java daikon.test.split.SplitterFactoryTestUpdater > /dev/null 2>&1) || java -ea -cp /mmfs1/scratch/mjk76/ea442/promptstudy/daikon-src-jdk25/java/lib/*:/mmfs1/scratch/mjk76/ea442/promptstudy/daikon-src-jdk25/java daikon.test.split.SplitterFactoryTestUpdater
chmod a-w daikon/test/split/SplitterFactoryTest.java
javac -cp /mmfs1/scratch/mjk76/ea442/promptstudy/daikon-src-jdk25/java/lib/*:/mmfs1/scratch/mjk76/ea442/promptstudy/daikon-src-jdk25/java -Xlint -J-Xmx7g -g -XDignore.symbol.file -Xmaxerrs 100000 -Xmaxwarns 100000 -Werror -Xlint:-path -Xlint:-options -Xlint:-classfile -Xlint:-this-escape  --source 25 --target 25 --system /scratch/mjk76/ea442/promptstudy/jdk25 daikon/test/split/SplitterFactoryTest.java
make[2]: Leaving directory '/mmfs1/scratch/mjk76/ea442/promptstudy/daikon-src-jdk25/java'
make ChicoryPremain.jar dcomp_premain.jar
make[2]: Entering directory '/mmfs1/scratch/mjk76/ea442/promptstudy/daikon-src-jdk25/java'
jar cfm ChicoryPremain.jar daikon/chicory/manifest.txt \
  daikon/chicory/ChicoryPremain.class
make plume-import-check
make[3]: Entering directory '/mmfs1/scratch/mjk76/ea442/promptstudy/daikon-src-jdk25/java'
Checking that imports of plume and daikon.plumelib are correct...done
make[3]: Leaving directory '/mmfs1/scratch/mjk76/ea442/promptstudy/daikon-src-jdk25/java'
jar cfm dcomp_premain.jar daikon/dcomp/manifest.txt \
  daikon/dcomp/Premain.class
make[2]: Leaving directory '/mmfs1/scratch/mjk76/ea442/promptstudy/daikon-src-jdk25/java'
make[1]: Leaving directory '/mmfs1/scratch/mjk76/ea442/promptstudy/daikon-src-jdk25/java'
cd java && find . \( -name "dcomp-rt*" \) -prune -o -name '*.class' -print \
	| sort | xargs '-I{}' rsync -aR '{}' /tmp/daikon-jar
# make hamcrest and junit4 overwrite junit5 to get our special versions
for filename in /mmfs1/scratch/mjk76/ea442/promptstudy/daikon-src-jdk25/java/lib/*.jar /mmfs1/scratch/mjk76/ea442/promptstudy/daikon-src-jdk25/java/lib/hamcrest*.jar /mmfs1/scratch/mjk76/ea442/promptstudy/daikon-src-jdk25/java/lib/junit-4*.jar; do cd /tmp/daikon-jar; jar xf $filename ; done
(cd java; rsync -aR daikon/config/example-settings.txt daikon/simplify/daikon-background.txt daikon/simplify/daikon-background-defined.txt daikon/test/InvariantFormatTest.commands daikon/test/SampleTester.commands daikon/test/SampleTester.decls daikon/test/SampleTesterGlobal.decls daikon/test/SampleTester.commands_linear_ternary daikon/test/varInfoNameTest.testEscForall daikon/test/varInfoNameTest.testEscForall.goal daikon/test/varInfoNameTest.testJML daikon/test/varInfoNameTest.testJML.goal daikon/test/varInfoNameTest.testParse daikon/test/varInfoNameTest.testParse.goal daikon/test/varInfoNameTest.testSubscript daikon/test/varInfoNameTest.testSubscript.goal daikon/test/GenericTestClass.java daikon/test/dtracediff/AllTypes.dtrace.gz daikon/test/dtracediff/Hanoi-badvar.dtrace.gz daikon/test/dtracediff/Hanoi-mungpointers.dtrace.gz daikon/test/dtracediff/Hanoi-badvalue.dtrace.gz daikon/test/dtracediff/Hanoi.dtrace.gz daikon/test/dtracediff/Hanoi-truncated.dtrace.gz /tmp/daikon-jar)
(cd java; rsync -aR daikon/tools/runtimechecker/Main.doc daikon/tools/runtimechecker/InstrumentHandler.doc /tmp/daikon-jar)
cd /tmp/daikon-jar && \
  jar cfm daikon.jar /mmfs1/scratch/mjk76/ea442/promptstudy/daikon-src-jdk25/java/daikon/chicory/manifest.txt *
mv /tmp/daikon-jar/daikon.jar daikon.jar
#rm -rf /tmp/daikon-jar
>>> Built successfully
-rw-r--r--+ 1 ea442 ea442 9.4M Sep  8 02:27 /project/mjk76/ea442/promptstudy/daikon-spring-jdk25.jar
