[TIMING] === hudi daikon run started 2026-09-11T00:33:01-04:00 ===
========================================
Hudi (sampled) Daikon invariant detection
========================================
JAVA:        /apps/easybuild/el9_5.x86_64/software/Java/17.0.15/bin/java
TRACE:       /scratch/mjk76/ea442/promptstudy/hudi-chicory-out/1260713/hudi.dtrace
JAR:         /project/mjk76/ea442/promptstudy/daikon.jar
OMIT:        .*<clinit>.*
OUTPUT:      /project/mjk76/ea442/promptstudy/hudi-daikon-out

>>> Trace size:
-rw-r--r--+ 1 ea442 ea442 1.1G Sep 10 19:37 /scratch/mjk76/ea442/promptstudy/hudi-chicory-out/1260713/hudi.dtrace

>>> Starting Daikon at 2026-09-11T00:33:01-04:00
[TIMING] daikon.Daikon invariant detection 297s  (00:33:01 -> 00:37:58)

>>> Daikon finished at 2026-09-11T00:37:58-04:00

>>> Output files:
-rw-r--r--+ 1 ea442 ea442  40M Sep 11 00:37 /project/mjk76/ea442/promptstudy/hudi-daikon-out/hudi-invariants.txt
-rw-r--r--+ 1 ea442 ea442 265M Sep 11 00:37 /project/mjk76/ea442/promptstudy/hudi-daikon-out/hudi.inv.gz

>>> First 50 lines of inferred invariants:
Daikon version 5.8.24, released May 6, 2026; http://plse.cs.washington.edu/daikon.
Reading declaration files Processing trace data; reading 1 dtrace file:

No return from procedure observed 115 times.  Unmatched entries are ignored!
Unterminated calls:
  org.apache.hudi.storage.hadoop.HoodieHadoopStorage.listDirectEntries(org.apache.hudi.storage.StoragePath, org.apache.hudi.storage.StoragePathFilter) : 3 invocations
  org.apache.hudi.hadoop.fs.HoodieWrapperFileSystem.listStatus(org.apache.hadoop.fs.Path, org.apache.hadoop.fs.PathFilter) : 3 invocations
  org.apache.hudi.storage.hadoop.HoodieHadoopStorage.getPathInfo(org.apache.hudi.storage.StoragePath) : 2 invocations
  org.apache.hudi.common.table.log.HoodieLogFileReader.hasNextMagic() : 11 invocations
  org.apache.hudi.common.table.timeline.TimelineUtils.parseDateFromInstantTime(java.lang.String) : 6 invocations
  org.apache.hudi.common.table.timeline.HoodieInstantTimeGenerator.parseDateFromInstantTime(java.lang.String) : 6 invocations
  org.apache.hudi.io.HoodieWriteMergeHandle.HoodieWriteMergeHandle(org.apache.hudi.config.HoodieWriteConfig, java.lang.String, org.apache.hudi.table.HoodieTable, java.util.Map, java.lang.String, java.lang.String, org.apache.hudi.common.model.HoodieBaseFile, org.apache.hudi.common.engine.TaskContextSupplier, org.apache.hudi.common.util.Option) : 2 invocations
  org.apache.hudi.table.HoodieTable.waitForAllFiles(org.apache.hudi.common.engine.HoodieEngineContext, java.util.Map, org.apache.hudi.common.fs.ConsistencyGuard$FileVisibility) : 1 invocation
  org.apache.hudi.common.fs.ConsistencyGuard.waitTill(java.lang.String, java.util.List, org.apache.hudi.common.fs.ConsistencyGuard$FileVisibility) : 1 invocation
  org.apache.hudi.common.fs.FailSafeConsistencyGuard.waitTillAllFilesAppear(java.lang.String, java.util.List) : 5 invocations
  org.apache.hudi.common.fs.FailSafeConsistencyGuard.waitForFilesVisibility(java.lang.String, java.util.List, org.apache.hudi.common.fs.ConsistencyGuard$FileVisibility) : 5 invocations
  org.apache.hudi.common.fs.FailSafeConsistencyGuard.retryTillSuccess(org.apache.hudi.storage.StoragePath, java.util.List, org.apache.hudi.common.fs.ConsistencyGuard$FileVisibility) : 5 invocations
  org.apache.hudi.common.testutils.HoodieTestTable.getCommitFilePath(java.lang.String) : 1 invocation
  org.apache.hudi.common.testutils.HoodieTestUtils.getCompleteInstantPath(org.apache.hudi.storage.HoodieStorage, org.apache.hudi.storage.StoragePath, java.lang.String, java.lang.String) : 1 invocation
  org.apache.hudi.common.testutils.HoodieTestUtils.getCompleteInstantPath(org.apache.hudi.storage.HoodieStorage, org.apache.hudi.storage.StoragePath, java.lang.String, java.lang.String, org.apache.hudi.common.table.HoodieTableVersion) : 1 invocation
  org.apache.hudi.common.testutils.HoodieTestUtils.getCompleteInstantFileInfo(org.apache.hudi.storage.HoodieStorage, org.apache.hudi.storage.StoragePath, java.lang.String, java.lang.String, org.apache.hudi.common.table.HoodieTableVersion) : 1 invocation
  org.apache.hudi.client.BaseHoodieWriteClient.commit(java.lang.String, java.lang.Object) : 1 invocation
  org.apache.hudi.client.BaseHoodieWriteClient.commit(java.lang.String, java.lang.Object, org.apache.hudi.common.util.Option) : 1 invocation
  org.apache.hudi.client.BaseHoodieWriteClient.commit(java.lang.String, java.lang.Object, org.apache.hudi.common.util.Option, java.lang.String, java.util.Map) : 1 invocation
  org.apache.hudi.client.HoodieJavaWriteClient.commit(java.lang.String, java.util.List, org.apache.hudi.common.util.Option, java.lang.String, java.util.Map, org.apache.hudi.common.util.Option, org.apache.hudi.common.util.Option) : 1 invocation
  org.apache.hudi.client.BaseHoodieWriteClient.commitStats(java.lang.String, java.util.List, org.apache.hudi.common.util.Option, java.lang.String, java.util.Map, org.apache.hudi.common.util.Option) : 1 invocation
  org.apache.hudi.client.BaseHoodieWriteClient.commitStats(java.lang.String, org.apache.hudi.client.TableWriteStats, org.apache.hudi.common.util.Option, java.lang.String, java.util.Map, org.apache.hudi.common.util.Option, boolean, org.apache.hudi.common.util.Option) : 1 invocation
  org.apache.hudi.client.BaseHoodieWriteClient.commit(org.apache.hudi.table.HoodieTable, java.lang.String, java.lang.String, org.apache.hudi.common.model.HoodieCommitMetadata, org.apache.hudi.client.TableWriteStats, boolean) : 1 invocation
  org.apache.hudi.utils.HoodieWriterClientTestHarness.testInsertTwoBatches(boolean, java.lang.String, java.util.Properties, boolean, java.util.function.Function) : 1 invocation
  org.apache.hudi.utils.HoodieWriterClientTestHarness.insertTwoBatches(org.apache.hudi.client.BaseHoodieWriteClient, org.apache.hudi.client.BaseHoodieWriteClient, boolean, java.lang.String, boolean) : 1 invocation
  org.apache.hudi.client.functional.TestHoodieJavaClientOnCopyOnWriteStorage$WriteClientBrokenClustering.runTableServicesInlineInternal(org.apache.hudi.table.HoodieTable, org.apache.hudi.common.model.HoodieCommitMetadata, org.apache.hudi.common.util.Option) : 5 invocations
  org.apache.hudi.testutils.HoodieJavaClientTestHarness.writeAndVerifyBatch(org.apache.hudi.client.BaseHoodieWriteClient, java.util.List, java.lang.String, boolean, boolean) : 2 invocations
  org.apache.hudi.client.functional.TestHoodieJavaClientOnCopyOnWriteStorage$WriteClientBrokenClean.autoCleanOnCommit() : 5 invocations
  org.apache.hudi.hadoop.fs.HoodieWrapperFileSystem.listStatus(org.apache.hadoop.fs.Path) : 1 invocation
  org.apache.hudi.metadata.HoodieBackedTableMetadata.readRecordIndexLocations(org.apache.hudi.common.function.SerializableFunctionUnchecked) : 1 invocation
  org.apache.hudi.common.util.ParquetUtils.readColumnStatsFromMetadata(org.apache.hudi.storage.HoodieStorage, org.apache.hudi.storage.StoragePath, java.util.List, org.apache.hudi.metadata.HoodieIndexVersion) : 4 invocations
  org.apache.hudi.common.util.ParquetUtils.readMetadata(org.apache.hudi.storage.HoodieStorage, org.apache.hudi.storage.StoragePath) : 4 invocations
  org.apache.hudi.common.util.ParquetUtils.readMetadata(org.apache.hudi.storage.HoodieStorage, org.apache.hudi.storage.StoragePath, org.apache.parquet.format.converter.ParquetMetadataConverter$MetadataFilter) : 1 invocation
  org.apache.hudi.metadata.HoodieTableMetadataUtil.getLogFileColumnRangeMetadata(java.lang.String, java.lang.String, org.apache.hudi.common.table.HoodieTableMetaClient, java.util.List, org.apache.hudi.common.util.Option, int) : 10 invocations
  org.apache.hudi.common.table.TableSchemaResolver.getTableSchemaFromDataFile() : 3 invocations
  org.apache.hudi.common.table.read.buffer.LogScanningRecordBufferLoader.scanLogFiles(org.apache.hudi.common.engine.HoodieReaderContext, org.apache.hudi.storage.HoodieStorage, org.apache.hudi.common.table.read.InputSplit, org.apache.hudi.common.table.HoodieTableMetaClient, org.apache.hudi.common.config.TypedProperties, org.apache.hudi.common.table.read.ReaderParameters, org.apache.hudi.common.table.read.HoodieReadStats, org.apache.hudi.common.table.read.buffer.FileGroupRecordBuffer) : 1 invocation
  org.apache.hudi.common.table.log.HoodieMergedLogRecordReader$Builder.build() : 1 invocation
  org.apache.hudi.common.table.log.HoodieMergedLogRecordReader.HoodieMergedLogRecordReader(org.apache.hudi.common.engine.HoodieReaderContext, org.apache.hudi.common.table.HoodieTableMetaClient, org.apache.hudi.storage.HoodieStorage, java.util.List, boolean, int, org.apache.hudi.common.util.Option, boolean, boolean, org.apache.hudi.common.util.Option, org.apache.hudi.common.util.Option, org.apache.hudi.common.table.read.buffer.HoodieFileGroupRecordBuffer, boolean) : 1 invocation
  org.apache.hudi.common.table.log.HoodieMergedLogRecordReader.performScan() : 1 invocation
  org.apache.hudi.common.table.log.BaseHoodieLogRecordReader.scanInternal(org.apache.hudi.common.util.Option, boolean) : 1 invocation
  org.apache.hudi.common.table.read.HoodieFileGroupReader.getClosableHoodieRecordIterator() : 1 invocation
  org.apache.hudi.common.table.view.PriorityBasedFileSystemView.getReplacedFileGroupsBefore(java.lang.String, java.lang.String) : 1 invocation
  org.apache.hudi.common.table.view.RemoteHoodieTableFileSystemView.getReplacedFileGroupsBefore(java.lang.String, java.lang.String) : 1 invocation
  org.apache.hudi.common.table.view.RemoteHoodieTableFileSystemView.getAllFileGroupsForPartitionFromParams(java.lang.String, java.util.Map) : 1 invocation
  org.apache.hudi.common.table.view.PriorityBasedFileSystemView.getSecondaryView() : 1 invocation
[TIMING] TOTAL (hudi)                 297s  (00:33:01 -> 00:37:58)
[TIMING] === hudi daikon run finished 2026-09-11T00:37:58-04:00 ===

>>> Done.
