Exception in thread "main" java.lang.Error: Error while processing trace file /scratch/mjk76/ea442/promptstudy/libgdx-full-chicory-out/1280644/libgdx-full.dtrace.gz
	at daikon.FileIO.read_data_trace_files(FileIO.java:1057)
	at daikon.FileIO.read_data_trace_files(FileIO.java:1026)
	at daikon.Daikon.process_data(Daikon.java:2329)
	at daikon.Daikon.mainHelper(Daikon.java:805)
	at daikon.Daikon.main(Daikon.java:680)
Caused by: java.io.EOFException: Unexpected end of ZLIB input stream
	at java.base/java.util.zip.InflaterInputStream.fill(InflaterInputStream.java:244)
	at java.base/java.util.zip.InflaterInputStream.read(InflaterInputStream.java:158)
	at java.base/java.util.zip.GZIPInputStream.read(GZIPInputStream.java:117)
	at java.base/sun.nio.cs.StreamDecoder.readBytes(StreamDecoder.java:287)
	at java.base/sun.nio.cs.StreamDecoder.implRead(StreamDecoder.java:330)
	at java.base/sun.nio.cs.StreamDecoder.read(StreamDecoder.java:190)
	at java.base/java.io.InputStreamReader.read(InputStreamReader.java:177)
	at java.base/java.io.BufferedReader.fill(BufferedReader.java:162)
	at java.base/java.io.BufferedReader.readLine(BufferedReader.java:329)
	at java.base/java.io.LineNumberReader.readLine(LineNumberReader.java:250)
	at daikon.FileIO.read_data_trace_record(FileIO.java:1824)
	at daikon.FileIO.read_data_trace_file(FileIO.java:1560)
	at daikon.FileIO.read_data_trace_files(FileIO.java:1044)
	... 4 more
