>>> Using JDK 25 at: /scratch/mjk76/ea442/promptstudy/jdk25
>>> Stopping any leaked Gradle daemons from prior runs on this GRADLE_USER_HOME
No Gradle daemons are running.
>>> gradle compileJava (warm build, no agent)
To honour the JVM settings for this build a single-use Daemon process will be forked. For more on this, please refer to https://docs.gradle.org/9.7.1/userguide/gradle_daemon.html#sec:disabling_the_daemon in the Gradle documentation.
Daemon will be stopped at the end of the build 
> Task :buildSrc:compileJava FROM-CACHE
> Task :buildSrc:compileGroovy NO-SOURCE
> Task :buildSrc:pluginDescriptors
> Task :buildSrc:processResources
> Task :buildSrc:classes
> Task :buildSrc:checkstyleMain FROM-CACHE
> Task :buildSrc:compileTestJava FROM-CACHE
> Task :buildSrc:compileTestGroovy NO-SOURCE
> Task :buildSrc:processTestResources NO-SOURCE
> Task :buildSrc:testClasses UP-TO-DATE
> Task :buildSrc:checkstyleTest FROM-CACHE
> Task :buildSrc:pluginUnderTestMetadata
> Task :buildSrc:test FROM-CACHE
> Task :buildSrc:validatePlugins FROM-CACHE
> Task :buildSrc:check UP-TO-DATE
> Task :buildSrc:jar
> Task :spring-core:checkKotlinGradlePluginConfigurationErrors SKIPPED
> Task :spring-core:javapoetRepackJar FROM-CACHE
> Task :spring-core:objenesisRepackJar FROM-CACHE
> Task :spring-core:compileKotlin FROM-CACHE
> Task :spring-core:compileJava FROM-CACHE

[Incubating] Problems report is available at: file:///mmfs1/scratch/mjk76/ea442/promptstudy/spring-s5-chicory/build/reports/problems/problems-report.html

Deprecated Gradle features were used in this build, making it incompatible with Gradle 10.

You can use '--warning-mode all' to show the individual deprecation warnings and determine if they come from your own scripts or plugins.

For more on this, please refer to https://docs.gradle.org/9.7.1/userguide/command_line_interface.html#sec:command_line_warnings in the Gradle documentation.

BUILD SUCCESSFUL in 19s
14 actionable tasks: 4 executed, 10 from cache
Consider enabling configuration cache to speed up this build: https://docs.gradle.org/9.7.1/userguide/configuration_cache_enabling.html
>>> gradle test (javaagent attached via init script) -- this is the actual Chicory-instrumented run
To honour the JVM settings for this build a single-use Daemon process will be forked. For more on this, please refer to https://docs.gradle.org/9.7.1/userguide/gradle_daemon.html#sec:disabling_the_daemon in the Gradle documentation.
Daemon will be stopped at the end of the build 
> Task :buildSrc:compileJava UP-TO-DATE
> Task :buildSrc:compileGroovy NO-SOURCE
> Task :buildSrc:pluginDescriptors UP-TO-DATE
> Task :buildSrc:processResources UP-TO-DATE
> Task :buildSrc:classes UP-TO-DATE
> Task :buildSrc:checkstyleMain UP-TO-DATE
> Task :buildSrc:compileTestJava UP-TO-DATE
> Task :buildSrc:compileTestGroovy NO-SOURCE
> Task :buildSrc:processTestResources NO-SOURCE
> Task :buildSrc:testClasses UP-TO-DATE
> Task :buildSrc:checkstyleTest UP-TO-DATE
> Task :buildSrc:pluginUnderTestMetadata UP-TO-DATE
> Task :buildSrc:test UP-TO-DATE
> Task :buildSrc:validatePlugins UP-TO-DATE
> Task :buildSrc:check UP-TO-DATE
> Task :buildSrc:jar UP-TO-DATE
> Task :spring-core:checkKotlinGradlePluginConfigurationErrors SKIPPED
> Task :spring-core:javapoetRepackJar UP-TO-DATE
> Task :spring-core:objenesisRepackJar UP-TO-DATE
> Task :spring-core:compileKotlin UP-TO-DATE
> Task :spring-core:compileJava UP-TO-DATE
> Task :spring-core:processResources
> Task :spring-core:classes
> Task :spring-core:compileJava21Kotlin NO-SOURCE
> Task :spring-core:compileJava21Java FROM-CACHE
> Task :spring-core:compileJava24Kotlin NO-SOURCE
> Task :spring-core:compileJava24Java FROM-CACHE
> Task :spring-core:processJava21Resources NO-SOURCE
> Task :spring-core:java21Classes UP-TO-DATE
> Task :spring-core:processJava24Resources NO-SOURCE
> Task :spring-core:java24Classes UP-TO-DATE
> Task :spring-core:jar
> Task :spring-core:compileTestFixturesKotlin NO-SOURCE
> Task :spring-core:compileTestFixturesJava FROM-CACHE
> Task :spring-core:processTestFixturesResources NO-SOURCE
> Task :spring-core:testFixturesClasses UP-TO-DATE
> Task :spring-core:testFixturesJar
> Task :spring-core:compileTestKotlin FROM-CACHE
> Task :spring-core:compileTestJava FROM-CACHE
> Task :spring-core:processTestResources
> Task :spring-core:testClasses
> Task :spring-core:test FROM-CACHE

[Incubating] Problems report is available at: file:///mmfs1/scratch/mjk76/ea442/promptstudy/spring-s5-chicory/build/reports/problems/problems-report.html

Deprecated Gradle features were used in this build, making it incompatible with Gradle 10.

You can use '--warning-mode all' to show the individual deprecation warnings and determine if they come from your own scripts or plugins.

For more on this, please refer to https://docs.gradle.org/9.7.1/userguide/command_line_interface.html#sec:command_line_warnings in the Gradle documentation.

BUILD SUCCESSFUL in 21s
24 actionable tasks: 4 executed, 6 from cache, 14 up-to-date
Consider enabling configuration cache to speed up this build: https://docs.gradle.org/9.7.1/userguide/configuration_cache_enabling.html
No Gradle daemons are running.
>>> Chicory trace output directory:
total 17
drwxr-xr-x+  2 ea442 ea442 4096 Sep 13 23:04 .
drwxr-xr-x+ 43 ea442 ea442 8192 Sep 13 23:04 ..

>>> Original Chicory-generated dtrace.gz files preserved in:
>>> /scratch/mjk76/ea442/promptstudy/spring-s5-chicory-out
