>>> Using JDK 25 at: /scratch/mjk76/ea442/promptstudy/jdk25
>>> Stopping any leaked Gradle daemons from prior runs on this GRADLE_USER_HOME
Fetching distribution.
Downloading https://services.gradle.org/distributions/gradle-9.7.1-bin.zip
..............10%..............20%...............30%..............40%...............50%..............60%...............70%..............80%..............90%...............100%

Welcome to Gradle 9.7.1!

Here are the highlights of this release:
 - Isolated Projects graduates to incubating
 - Broader Configuration Cache compatibility
 - Resilient Sync helps you fix broken builds
 - More source locations in problem reports

For more details see https://docs.gradle.org/9.7.1/release-notes.html

No Gradle daemons are running.
>>> gradle compileJava (warm build, no agent)
To honour the JVM settings for this build a single-use Daemon process will be forked. For more on this, please refer to https://docs.gradle.org/9.7.1/userguide/gradle_daemon.html#sec:disabling_the_daemon in the Gradle documentation.
Daemon will be stopped at the end of the build 
> Task :buildSrc:compileJava
> Task :buildSrc:compileGroovy NO-SOURCE
> Task :buildSrc:pluginDescriptors
> Task :buildSrc:processResources
> Task :buildSrc:classes
> Task :buildSrc:compileTestJava
> Task :buildSrc:compileTestGroovy NO-SOURCE
> Task :buildSrc:processTestResources NO-SOURCE
> Task :buildSrc:testClasses
> Task :buildSrc:checkstyleMain
> Task :buildSrc:pluginUnderTestMetadata
> Task :buildSrc:checkstyleTest
> Task :buildSrc:test
> Task :buildSrc:validatePlugins
> Task :buildSrc:check
> Task :buildSrc:jar
> Task :spring-core:checkKotlinGradlePluginConfigurationErrors SKIPPED
> Task :spring-core:javapoetRepackJar
> Task :spring-core:objenesisRepackJar
> Task :spring-core:compileKotlin
> Task :spring-core:compileJava

[Incubating] Problems report is available at: file:///mmfs1/scratch/mjk76/ea442/promptstudy/spring-s5-chicory/build/reports/problems/problems-report.html

Deprecated Gradle features were used in this build, making it incompatible with Gradle 10.

You can use '--warning-mode all' to show the individual deprecation warnings and determine if they come from your own scripts or plugins.

For more on this, please refer to https://docs.gradle.org/9.7.1/userguide/command_line_interface.html#sec:command_line_warnings in the Gradle documentation.

BUILD SUCCESSFUL in 1m 52s
14 actionable tasks: 14 executed
Consider enabling configuration cache to speed up this build: https://docs.gradle.org/9.7.1/userguide/configuration_cache_enabling.html
>>> gradle test (javaagent attached via init script) -- this is the actual Chicory-instrumented run
To honour the JVM settings for this build a single-use Daemon process will be forked. For more on this, please refer to https://docs.gradle.org/9.7.1/userguide/gradle_daemon.html#sec:disabling_the_daemon in the Gradle documentation.
Daemon will be stopped at the end of the build 
> Task :buildSrc:compileJava UP-TO-DATE
> Task :buildSrc:compileGroovy NO-SOURCE
> Task :buildSrc:pluginDescriptors UP-TO-DATE
> Task :buildSrc:processResources UP-TO-DATE
> Task :buildSrc:classes UP-TO-DATE
> Task :buildSrc:checkstyleMain UP-TO-DATE
> Task :buildSrc:compileTestJava UP-TO-DATE
> Task :buildSrc:compileTestGroovy NO-SOURCE
> Task :buildSrc:processTestResources NO-SOURCE
> Task :buildSrc:testClasses UP-TO-DATE
> Task :buildSrc:checkstyleTest UP-TO-DATE
> Task :buildSrc:pluginUnderTestMetadata UP-TO-DATE
> Task :buildSrc:test UP-TO-DATE
> Task :buildSrc:validatePlugins UP-TO-DATE
> Task :buildSrc:check UP-TO-DATE
> Task :buildSrc:jar UP-TO-DATE
> Task :spring-core:checkKotlinGradlePluginConfigurationErrors SKIPPED
> Task :spring-core:javapoetRepackJar UP-TO-DATE
> Task :spring-core:objenesisRepackJar UP-TO-DATE
> Task :spring-core:compileKotlin UP-TO-DATE
> Task :spring-core:compileJava UP-TO-DATE
> Task :spring-core:processResources
> Task :spring-core:classes
> Task :spring-core:compileJava21Kotlin NO-SOURCE
> Task :spring-core:compileJava21Java
> Task :spring-core:compileJava24Kotlin NO-SOURCE
> Task :spring-core:compileJava24Java
> Task :spring-core:processJava21Resources NO-SOURCE
> Task :spring-core:java21Classes
> Task :spring-core:processJava24Resources NO-SOURCE
> Task :spring-core:java24Classes
> Task :spring-core:jar
> Task :spring-core:compileTestFixturesKotlin NO-SOURCE
> Task :spring-core:compileTestFixturesJava
> Task :spring-core:processTestFixturesResources NO-SOURCE
> Task :spring-core:testFixturesClasses
> Task :spring-core:testFixturesJar
> Task :spring-core:processTestResources
> Task :spring-core:compileTestKotlin
> Task :spring-core:compileTestJava
> Task :spring-core:testClasses

> Task :spring-core:test

MergedAnnotationsComposedOnSingleAnnotatedElementTests > typeHierarchyStrategyMultipleComposedAnnotationsOnBridgeMethod() FAILED
    org.opentest4j.AssertionFailedError at MergedAnnotationsComposedOnSingleAnnotatedElementTests.java:183

MergedAnnotationsTests > getWithTypeHierarchyFromBridgeMethod() FAILED
    org.opentest4j.AssertionFailedError at MergedAnnotationsTests.java:700

PathMatchingResourcePatternResolverTests > ClassPathManifestEntries > javaDashJarFindsClassPathManifestEntries() FAILED
    java.io.IOException at PathMatchingResourcePatternResolverTests.java:383
        Caused by: java.io.IOException at PathMatchingResourcePatternResolverTests.java:383

PathMatchingResourcePatternResolverTests > ClassPathManifestEntries > javaDashJarFindsAbsoluteClassPathManifestEntries() FAILED
    java.io.IOException at PathMatchingResourcePatternResolverTests.java:398
        Caused by: java.io.IOException at PathMatchingResourcePatternResolverTests.java:398


> Task :spring-core:test
There were failing tests. See the report at: file:///mmfs1/scratch/mjk76/ea442/promptstudy/spring-s5-chicory/spring-core/build/reports/tests/test/index.html

[Incubating] Problems report is available at: file:///mmfs1/scratch/mjk76/ea442/promptstudy/spring-s5-chicory/build/reports/problems/problems-report.html

Deprecated Gradle features were used in this build, making it incompatible with Gradle 10.

You can use '--warning-mode all' to show the individual deprecation warnings and determine if they come from your own scripts or plugins.

For more on this, please refer to https://docs.gradle.org/9.7.1/userguide/command_line_interface.html#sec:command_line_warnings in the Gradle documentation.

BUILD SUCCESSFUL in 1m 23s
24 actionable tasks: 10 executed, 14 up-to-date
Consider enabling configuration cache to speed up this build: https://docs.gradle.org/9.7.1/userguide/configuration_cache_enabling.html
No Gradle daemons are running.
>>> Chicory trace output directory:
total 11281
drwxr-xr-x+  2 ea442 ea442    4096 Sep 15 00:06 .
drwxr-xr-x+ 43 ea442 ea442    8192 Sep 15 00:02 ..
-rw-r--r--+  1 ea442 ea442 5728570 Sep 15 00:07 dtrace.gz

>>> Original Chicory-generated dtrace.gz files preserved in:
>>> /scratch/mjk76/ea442/promptstudy/spring-s5-chicory-out
